Component: ARM Compiler 5.06 update 6 (build 750) Tool: armlink [4d35ed]

==============================================================================

Section Cross References

    ft5336.o(i.ft5336_I2C_InitializeIfRequired) refers to stm32746g_discovery.o(i.TS_IO_Init) for TS_IO_Init
    ft5336.o(i.ft5336_I2C_InitializeIfRequired) refers to ft5336.o(.data) for .data
    ft5336.o(i.ft5336_Init) refers to stm32746g_discovery.o(i.TS_IO_Delay) for TS_IO_Delay
    ft5336.o(i.ft5336_Init) refers to ft5336.o(i.ft5336_I2C_InitializeIfRequired) for ft5336_I2C_InitializeIfRequired
    ft5336.o(i.ft5336_ReadID) refers to ft5336.o(i.ft5336_I2C_InitializeIfRequired) for ft5336_I2C_InitializeIfRequired
    ft5336.o(i.ft5336_ReadID) refers to stm32746g_discovery.o(i.TS_IO_Read) for TS_IO_Read
    ft5336.o(i.ft5336_TS_DetectTouch) refers to stm32746g_discovery.o(i.TS_IO_Read) for TS_IO_Read
    ft5336.o(i.ft5336_TS_DetectTouch) refers to ft5336.o(.data) for .data
    ft5336.o(i.ft5336_TS_DisableIT) refers to stm32746g_discovery.o(i.TS_IO_Write) for TS_IO_Write
    ft5336.o(i.ft5336_TS_EnableIT) refers to stm32746g_discovery.o(i.TS_IO_Write) for TS_IO_Write
    ft5336.o(i.ft5336_TS_GetGestureID) refers to stm32746g_discovery.o(i.TS_IO_Read) for TS_IO_Read
    ft5336.o(i.ft5336_TS_GetTouchInfo) refers to stm32746g_discovery.o(i.TS_IO_Read) for TS_IO_Read
    ft5336.o(i.ft5336_TS_GetTouchInfo) refers to ft5336.o(.data) for .data
    ft5336.o(i.ft5336_TS_GetXY) refers to stm32746g_discovery.o(i.TS_IO_Read) for TS_IO_Read
    ft5336.o(i.ft5336_TS_GetXY) refers to ft5336.o(.data) for .data
    ft5336.o(i.ft5336_TS_Start) refers to ft5336.o(i.ft5336_TS_DisableIT) for ft5336_TS_DisableIT
    ft5336.o(.data) refers to ft5336.o(i.ft5336_Init) for ft5336_Init
    ft5336.o(.data) refers to ft5336.o(i.ft5336_ReadID) for ft5336_ReadID
    ft5336.o(.data) refers to ft5336.o(i.ft5336_Reset) for ft5336_Reset
    ft5336.o(.data) refers to ft5336.o(i.ft5336_TS_Start) for ft5336_TS_Start
    ft5336.o(.data) refers to ft5336.o(i.ft5336_TS_DetectTouch) for ft5336_TS_DetectTouch
    ft5336.o(.data) refers to ft5336.o(i.ft5336_TS_GetXY) for ft5336_TS_GetXY
    ft5336.o(.data) refers to ft5336.o(i.ft5336_TS_EnableIT) for ft5336_TS_EnableIT
    ft5336.o(.data) refers to ft5336.o(i.ft5336_TS_ClearIT) for ft5336_TS_ClearIT
    ft5336.o(.data) refers to ft5336.o(i.ft5336_TS_ITStatus) for ft5336_TS_ITStatus
    ft5336.o(.data) refers to ft5336.o(i.ft5336_TS_DisableIT) for ft5336_TS_DisableIT
    ov9655.o(i.ov9655_Config) refers to ov9655.o(i.ov9655_ConvertValue) for ov9655_ConvertValue
    ov9655.o(i.ov9655_Config) refers to stm32746g_discovery.o(i.CAMERA_IO_Write) for CAMERA_IO_Write
    ov9655.o(i.ov9655_Init) refers to stm32746g_discovery.o(i.CAMERA_IO_Init) for CAMERA_IO_Init
    ov9655.o(i.ov9655_Init) refers to stm32746g_discovery.o(i.CAMERA_IO_Write) for CAMERA_IO_Write
    ov9655.o(i.ov9655_Init) refers to stm32746g_discovery.o(i.CAMERA_Delay) for CAMERA_Delay
    ov9655.o(i.ov9655_Init) refers to ov9655.o(.constdata) for .constdata
    ov9655.o(i.ov9655_ReadID) refers to stm32746g_discovery.o(i.CAMERA_IO_Init) for CAMERA_IO_Init
    ov9655.o(i.ov9655_ReadID) refers to stm32746g_discovery.o(i.CAMERA_IO_Read) for CAMERA_IO_Read
    ov9655.o(.data) refers to ov9655.o(i.ov9655_Init) for ov9655_Init
    ov9655.o(.data) refers to ov9655.o(i.ov9655_ReadID) for ov9655_ReadID
    ov9655.o(.data) refers to ov9655.o(i.ov9655_Config) for ov9655_Config
    wm8994.o(i.CODEC_IO_Write) refers to stm32746g_discovery.o(i.AUDIO_IO_Write) for AUDIO_IO_Write
    wm8994.o(i.wm8994_DeInit) refers to stm32746g_discovery.o(i.AUDIO_IO_DeInit) for AUDIO_IO_DeInit
    wm8994.o(i.wm8994_Init) refers to stm32746g_discovery.o(i.AUDIO_IO_Init) for AUDIO_IO_Init
    wm8994.o(i.wm8994_Init) refers to wm8994.o(i.CODEC_IO_Write) for CODEC_IO_Write
    wm8994.o(i.wm8994_Init) refers to stm32746g_discovery.o(i.AUDIO_IO_Delay) for AUDIO_IO_Delay
    wm8994.o(i.wm8994_Init) refers to wm8994.o(i.wm8994_SetVolume) for wm8994_SetVolume
    wm8994.o(i.wm8994_Init) refers to wm8994.o(.data) for .data
    wm8994.o(i.wm8994_Pause) refers to wm8994.o(i.wm8994_SetMute) for wm8994_SetMute
    wm8994.o(i.wm8994_Pause) refers to wm8994.o(i.CODEC_IO_Write) for CODEC_IO_Write
    wm8994.o(i.wm8994_Play) refers to wm8994.o(i.wm8994_SetMute) for wm8994_SetMute
    wm8994.o(i.wm8994_ReadID) refers to stm32746g_discovery.o(i.AUDIO_IO_Init) for AUDIO_IO_Init
    wm8994.o(i.wm8994_ReadID) refers to stm32746g_discovery.o(i.AUDIO_IO_Read) for AUDIO_IO_Read
    wm8994.o(i.wm8994_Reset) refers to wm8994.o(i.CODEC_IO_Write) for CODEC_IO_Write
    wm8994.o(i.wm8994_Reset) refers to wm8994.o(.data) for .data
    wm8994.o(i.wm8994_Resume) refers to wm8994.o(i.wm8994_SetMute) for wm8994_SetMute
    wm8994.o(i.wm8994_SetFrequency) refers to wm8994.o(i.CODEC_IO_Write) for CODEC_IO_Write
    wm8994.o(i.wm8994_SetMute) refers to wm8994.o(i.CODEC_IO_Write) for CODEC_IO_Write
[...]
    Removing stm32f7xx_ll_usb.o(i.USB_EPStartXfer), (456 bytes).
    Removing stm32f7xx_ll_usb.o(i.USB_EnableGlobalInt), (12 bytes).
    Removing stm32f7xx_ll_usb.o(i.USB_FlushRxFifo), (32 bytes).
    Removing stm32f7xx_ll_usb.o(i.USB_FlushTxFifo), (36 bytes).
    Removing stm32f7xx_ll_usb.o(i.USB_GetCurrentFrame), (8 bytes).
    Removing stm32f7xx_ll_usb.o(i.USB_GetDevSpeed), (26 bytes).
    Removing stm32f7xx_ll_usb.o(i.USB_GetHostSpeed), (14 bytes).
    Removing stm32f7xx_ll_usb.o(i.USB_GetMode), (8 bytes).
    Removing stm32f7xx_ll_usb.o(i.USB_HC_Halt), (194 bytes).
    Removing stm32f7xx_ll_usb.o(i.USB_HC_Init), (252 bytes).
    Removing stm32f7xx_ll_usb.o(i.USB_HC_ReadInterrupt), (8 bytes).
    Removing stm32f7xx_ll_usb.o(i.USB_HC_StartXfer), (336 bytes).
    Removing stm32f7xx_ll_usb.o(i.USB_HostInit), (196 bytes).
    Removing stm32f7xx_ll_usb.o(i.USB_InitFSLSPClkSel), (56 bytes).
    Removing stm32f7xx_ll_usb.o(i.USB_ReadDevAllInEpInterrupt), (14 bytes).
    Removing stm32f7xx_ll_usb.o(i.USB_ReadDevAllOutEpInterrupt), (14 bytes).
    Removing stm32f7xx_ll_usb.o(i.USB_ReadDevInEPInterrupt), (36 bytes).
    Removing stm32f7xx_ll_usb.o(i.USB_ReadDevOutEPInterrupt), (16 bytes).
    Removing stm32f7xx_ll_usb.o(i.USB_ReadInterrupts), (8 bytes).
    Removing stm32f7xx_ll_usb.o(i.USB_ReadPacket), (28 bytes).
    Removing stm32f7xx_ll_usb.o(i.USB_ResetPort), (50 bytes).
    Removing stm32f7xx_ll_usb.o(i.USB_SetCurrentMode), (46 bytes).
    Removing stm32f7xx_ll_usb.o(i.USB_SetDevAddress), (34 bytes).
    Removing stm32f7xx_ll_usb.o(i.USB_SetDevSpeed), (14 bytes).
    Removing stm32f7xx_ll_usb.o(i.USB_SetTurnaroundTime), (232 bytes).
    Removing stm32f7xx_ll_usb.o(i.USB_StopDevice), (68 bytes).
    Removing stm32f7xx_ll_usb.o(i.USB_StopHost), (126 bytes).
    Removing stm32f7xx_ll_usb.o(i.USB_WritePacket), (36 bytes).
    Removing stm32f7xx_ll_usb.o(.data), (4 bytes).
    Removing stm32f7xx_hal_tim.o(.rev16_text), (4 bytes).
    Removing stm32f7xx_hal_tim.o(.revsh_text), (4 bytes).
    Removing stm32f7xx_hal_tim.o(.rrx_text), (6 bytes).
    Removing stm32f7xx_hal_tim.o(i.HAL_TIM_Base_DeInit), (56 bytes).
    Removing stm32f7xx_hal_tim.o(i.HAL_TIM_Base_GetState), (6 bytes).
    Removing stm32f7xx_hal_tim.o(i.HAL_TIM_Base_Init), (54 bytes).
    Removing stm32f7xx_hal_tim.o(i.HAL_TIM_Base_MspDeInit), (2 bytes).
    Removing stm32f7xx_hal_tim.o(i.HAL_TIM_Base_MspInit), (2 bytes).
    Removing stm32f7xx_hal_tim.o(i.HAL_TIM_Base_Start), (48 bytes).
    Removing stm32f7xx_hal_tim.o(i.HAL_TIM_Base_Start_DMA), (124 bytes).
    Removing stm32f7xx_hal_tim.o(i.HAL_TIM_Base_Start_IT), (44 bytes).
    Removing stm32f7xx_hal_tim.o(i.HAL_TIM_Base_Stop), (44 bytes).
    Removing stm32f7xx_hal_tim.o(i.HAL_TIM_Base_Stop_DMA), (58 bytes).
    Removing stm32f7xx_hal_tim.o(i.HAL_TIM_Base_Stop_IT), (42 bytes).
    Removing stm32f7xx_hal_tim.o(i.HAL_TIM_ConfigClockSource), (220 bytes).
    Removing stm32f7xx_hal_tim.o(i.HAL_TIM_ConfigOCrefClear), (270 bytes).
    Removing stm32f7xx_hal_tim.o(i.HAL_TIM_ConfigTI1Input), (16 bytes).
    Removing stm32f7xx_hal_tim.o(i.HAL_TIM_DMABurst_ReadStart), (336 bytes).
    Removing stm32f7xx_hal_tim.o(i.HAL_TIM_DMABurst_ReadStop), (102 bytes).
    Removing stm32f7xx_hal_tim.o(i.HAL_TIM_DMABurst_WriteStart), (336 bytes).
    Removing stm32f7xx_hal_tim.o(i.HAL_TIM_DMABurst_WriteStop), (102 bytes).
    Removing stm32f7xx_hal_tim.o(i.HAL_TIM_Encoder_DeInit), (56 bytes).
    Removing stm32f7xx_hal_tim.o(i.HAL_TIM_Encoder_GetState), (6 bytes).
    Removing stm32f7xx_hal_tim.o(i.HAL_TIM_Encoder_Init), (168 bytes).
    Removing stm32f7xx_hal_tim.o(i.HAL_TIM_Encoder_MspDeInit), (2 bytes).
    Removing stm32f7xx_hal_tim.o(i.HAL_TIM_Encoder_MspInit), (2 bytes).
    Removing stm32f7xx_hal_tim.o(i.HAL_TIM_Encoder_Start), (52 bytes).
    Removing stm32f7xx_hal_tim.o(i.HAL_TIM_Encoder_Start_DMA), (312 bytes).
    Removing stm32f7xx_hal_tim.o(i.HAL_TIM_Encoder_Start_IT), (92 bytes).
    Removing stm32f7xx_hal_tim.o(i.HAL_TIM_Encoder_Stop), (70 bytes).
    Removing stm32f7xx_hal_tim.o(i.HAL_TIM_Encoder_Stop_DMA), (144 bytes).
    Removing stm32f7xx_hal_tim.o(i.HAL_TIM_Encoder_Stop_IT), (116 bytes).
    Removing stm32f7xx_hal_tim.o(i.HAL_TIM_ErrorCallback), (2 bytes).
    Removing stm32f7xx_hal_tim.o(i.HAL_TIM_GenerateEvent), (40 bytes).
    Removing stm32f7xx_hal_tim.o(i.HAL_TIM_IC_CaptureCallback), (2 bytes).
    Removing stm32f7xx_hal_tim.o(i.HAL_TIM_IC_CaptureHalfCpltCallback), (2 bytes).
    Removing stm32f7xx_hal_tim.o(i.HAL_TIM_IC_ConfigChannel), (288 bytes).
    Removing stm32f7xx_hal_tim.o(i.HAL_TIM_IC_DeInit), (56 bytes).
    Removing stm32f7xx_hal_tim.o(i.HAL_TIM_IC_GetState), (6 bytes).
    Removing stm32f7xx_hal_tim.o(i.HAL_TIM_IC_Init), (54 bytes).
    Removing stm32f7xx_hal_tim.o(i.HAL_TIM_IC_MspDeInit), (2 bytes).
    Removing stm32f7xx_hal_tim.o(i.HAL_TIM_IC_MspInit), (2 bytes).
    Removing stm32f7xx_hal_tim.o(i.HAL_TIM_IC_Start), (48 bytes).
    Removing stm32f7xx_hal_tim.o(i.HAL_TIM_IC_Start_DMA), (260 bytes).
    Removing stm32f7xx_hal_tim.o(i.HAL_TIM_IC_Start_IT), (96 bytes).
    Removing stm32f7xx_hal_tim.o(i.HAL_TIM_IC_Stop), (44 bytes).
    Removing stm32f7xx_hal_tim.o(i.HAL_TIM_IC_Stop_DMA), (122 bytes).
    Removing stm32f7xx_hal_tim.o(i.HAL_TIM_IC_Stop_IT), (94 bytes).
    Removing stm32f7xx_hal_tim.o(i.HAL_TIM_IRQHandler), (386 bytes).
    Removing stm32f7xx_hal_tim.o(i.HAL_TIM_OC_ConfigChannel), (114 bytes).
    Removing stm32f7xx_hal_tim.o(i.HAL_TIM_OC_DeInit), (56 bytes).
    Removing stm32f7xx_hal_tim.o(i.HAL_TIM_OC_DelayElapsedCallback), (2 bytes).
    Removing stm32f7xx_hal_tim.o(i.HAL_TIM_OC_GetState), (6 bytes).
    Removing stm32f7xx_hal_tim.o(i.HAL_TIM_OC_Init), (54 bytes).
    Removing stm32f7xx_hal_tim.o(i.HAL_TIM_OC_MspDeInit), (2 bytes).
    Removing stm32f7xx_hal_tim.o(i.HAL_TIM_OC_MspInit), (2 bytes).
    Removing stm32f7xx_hal_tim.o(i.HAL_TIM_OC_Start), (76 bytes).
    Removing stm32f7xx_hal_tim.o(i.HAL_TIM_OC_Start_DMA), (300 bytes).
    Removing stm32f7xx_hal_tim.o(i.HAL_TIM_OC_Start_IT), (128 bytes).
    Removing stm32f7xx_hal_tim.o(i.HAL_TIM_OC_Stop), (88 bytes).
    Removing stm32f7xx_hal_tim.o(i.HAL_TIM_OC_Stop_DMA), (164 bytes).
    Removing stm32f7xx_hal_tim.o(i.HAL_TIM_OC_Stop_IT), (136 bytes).
    Removing stm32f7xx_hal_tim.o(i.HAL_TIM_OnePulse_ConfigChannel), (224 bytes).
    Removing stm32f7xx_hal_tim.o(i.HAL_TIM_OnePulse_DeInit), (56 bytes).
    Removing stm32f7xx_hal_tim.o(i.HAL_TIM_OnePulse_GetState), (6 bytes).
    Removing stm32f7xx_hal_tim.o(i.HAL_TIM_OnePulse_Init), (74 bytes).
    Removing stm32f7xx_hal_tim.o(i.HAL_TIM_OnePulse_MspDeInit), (2 bytes).
    Removing stm32f7xx_hal_tim.o(i.HAL_TIM_OnePulse_MspInit), (2 bytes).
    Removing stm32f7xx_hal_tim.o(i.HAL_TIM_OnePulse_Start), (60 bytes).
    Removing stm32f7xx_hal_tim.o(i.HAL_TIM_OnePulse_Start_IT), (80 bytes).
    Removing stm32f7xx_hal_tim.o(i.HAL_TIM_OnePulse_Stop), (100 bytes).
    Removing stm32f7xx_hal_tim.o(i.HAL_TIM_OnePulse_Stop_IT), (120 bytes).
    Removing stm32f7xx_hal_tim.o(i.HAL_TIM_PWM_ConfigChannel), (296 bytes).
    Removing stm32f7xx_hal_tim.o(i.HAL_TIM_PWM_DeInit), (56 bytes).
    Removing stm32f7xx_hal_tim.o(i.HAL_TIM_PWM_GetState), (6 bytes).
    Removing stm32f7xx_hal_tim.o(i.HAL_TIM_PWM_Init), (54 bytes).
    Removing stm32f7xx_hal_tim.o(i.HAL_TIM_PWM_MspDeInit), (2 bytes).
    Removing stm32f7xx_hal_tim.o(i.HAL_TIM_PWM_MspInit), (2 bytes).
    Removing stm32f7xx_hal_tim.o(i.HAL_TIM_PWM_PulseFinishedCallback), (2 bytes).
    Removing stm32f7xx_hal_tim.o(i.HAL_TIM_PWM_PulseFinishedHalfCpltCallback), (2 bytes).
    Removing stm32f7xx_hal_tim.o(i.HAL_TIM_PWM_Start), (76 bytes).
    Removing stm32f7xx_hal_tim.o(i.HAL_TIM_PWM_Start_DMA), (300 bytes).
    Removing stm32f7xx_hal_tim.o(i.HAL_TIM_PWM_Start_IT), (128 bytes).
    Removing stm32f7xx_hal_tim.o(i.HAL_TIM_PWM_Stop), (92 bytes).
    Removing stm32f7xx_hal_tim.o(i.HAL_TIM_PWM_Stop_DMA), (164 bytes).
    Removing stm32f7xx_hal_tim.o(i.HAL_TIM_PWM_Stop_IT), (136 bytes).
    Removing stm32f7xx_hal_tim.o(i.HAL_TIM_PeriodElapsedCallback), (2 bytes).
    Removing stm32f7xx_hal_tim.o(i.HAL_TIM_PeriodElapsedHalfCpltCallback), (2 bytes).
    Removing stm32f7xx_hal_tim.o(i.HAL_TIM_ReadCapturedValue), (44 bytes).
    Removing stm32f7xx_hal_tim.o(i.HAL_TIM_SlaveConfigSynchro), (86 bytes).
    Removing stm32f7xx_hal_tim.o(i.HAL_TIM_SlaveConfigSynchro_IT), (86 bytes).
    Removing stm32f7xx_hal_tim.o(i.HAL_TIM_TriggerCallback), (2 bytes).
    Removing stm32f7xx_hal_tim.o(i.HAL_TIM_TriggerHalfCpltCallback), (2 bytes).
    Removing stm32f7xx_hal_tim.o(i.TIM_Base_SetConfig), (204 bytes).
    Removing stm32f7xx_hal_tim.o(i.TIM_CCxChannelCmd), (26 bytes).
    Removing stm32f7xx_hal_tim.o(i.TIM_DMACaptureCplt), (62 bytes).
    Removing stm32f7xx_hal_tim.o(i.TIM_DMACaptureHalfCplt), (62 bytes).
    Removing stm32f7xx_hal_tim.o(i.TIM_DMADelayPulseCplt), (62 bytes).
    Removing stm32f7xx_hal_tim.o(i.TIM_DMADelayPulseHalfCplt), (62 bytes).
    Removing stm32f7xx_hal_tim.o(i.TIM_DMAError), (16 bytes).
    Removing stm32f7xx_hal_tim.o(i.TIM_DMAPeriodElapsedCplt), (16 bytes).
    Removing stm32f7xx_hal_tim.o(i.TIM_DMAPeriodElapsedHalfCplt), (16 bytes).
    Removing stm32f7xx_hal_tim.o(i.TIM_DMATriggerCplt), (16 bytes).
    Removing stm32f7xx_hal_tim.o(i.TIM_DMATriggerHalfCplt), (16 bytes).
    Removing stm32f7xx_hal_tim.o(i.TIM_ETR_SetConfig), (18 bytes).
    Removing stm32f7xx_hal_tim.o(i.TIM_ITRx_SetConfig), (16 bytes).
    Removing stm32f7xx_hal_tim.o(i.TIM_OC1_SetConfig), (116 bytes).
    Removing stm32f7xx_hal_tim.o(i.TIM_OC2_SetConfig), (120 bytes).
    Removing stm32f7xx_hal_tim.o(i.TIM_OC3_SetConfig), (120 bytes).
    Removing stm32f7xx_hal_tim.o(i.TIM_OC4_SetConfig), (88 bytes).
    Removing stm32f7xx_hal_tim.o(i.TIM_OC5_SetConfig), (88 bytes).
    Removing stm32f7xx_hal_tim.o(i.TIM_OC6_SetConfig), (88 bytes).
    Removing stm32f7xx_hal_tim.o(i.TIM_SlaveTimer_SetConfig), (140 bytes).
    Removing stm32f7xx_hal_tim.o(i.TIM_TI1_ConfigInputStage), (34 bytes).
    Removing stm32f7xx_hal_tim.o(i.TIM_TI1_SetConfig), (128 bytes).
    Removing stm32f7xx_hal_tim.o(i.TIM_TI2_ConfigInputStage), (36 bytes).
    Removing stm32f7xx_hal_tim.o(i.TIM_TI2_SetConfig), (54 bytes).
    Removing stm32f7xx_hal_usart.o(.rev16_text), (4 bytes).
    Removing stm32f7xx_hal_usart.o(.revsh_text), (4 bytes).
    Removing stm32f7xx_hal_usart.o(.rrx_text), (6 bytes).
    Removing stm32f7xx_hal_usart.o(i.HAL_USART_Abort), (146 bytes).
    Removing stm32f7xx_hal_usart.o(i.HAL_USART_AbortCpltCallback), (2 bytes).
    Removing stm32f7xx_hal_usart.o(i.HAL_USART_Abort_IT), (184 bytes).
    Removing stm32f7xx_hal_usart.o(i.HAL_USART_DMAPause), (112 bytes).
    Removing stm32f7xx_hal_usart.o(i.HAL_USART_DMAResume), (94 bytes).
    Removing stm32f7xx_hal_usart.o(i.HAL_USART_DMAStop), (88 bytes).
    Removing stm32f7xx_hal_usart.o(i.HAL_USART_DeInit), (50 bytes).
    Removing stm32f7xx_hal_usart.o(i.HAL_USART_ErrorCallback), (2 bytes).
    Removing stm32f7xx_hal_usart.o(i.HAL_USART_GetError), (4 bytes).
    Removing stm32f7xx_hal_usart.o(i.HAL_USART_GetState), (6 bytes).
    Removing stm32f7xx_hal_usart.o(i.HAL_USART_IRQHandler), (368 bytes).
    Removing stm32f7xx_hal_usart.o(i.HAL_USART_Init), (140 bytes).
    Removing stm32f7xx_hal_usart.o(i.HAL_USART_MspDeInit), (2 bytes).
    Removing stm32f7xx_hal_usart.o(i.HAL_USART_MspInit), (2 bytes).
    Removing stm32f7xx_hal_usart.o(i.HAL_USART_Receive), (254 bytes).
    Removing stm32f7xx_hal_usart.o(i.HAL_USART_Receive_DMA), (216 bytes).
    Removing stm32f7xx_hal_usart.o(i.HAL_USART_Receive_IT), (168 bytes).
    Removing stm32f7xx_hal_usart.o(i.HAL_USART_RxCpltCallback), (2 bytes).
    Removing stm32f7xx_hal_usart.o(i.HAL_USART_RxHalfCpltCallback), (2 bytes).
    Removing stm32f7xx_hal_usart.o(i.HAL_USART_Transmit), (210 bytes).
    Removing stm32f7xx_hal_usart.o(i.HAL_USART_TransmitReceive), (358 bytes).
    Removing stm32f7xx_hal_usart.o(i.HAL_USART_TransmitReceive_DMA), (240 bytes).
    Removing stm32f7xx_hal_usart.o(i.HAL_USART_TransmitReceive_IT), (200 bytes).
    Removing stm32f7xx_hal_usart.o(i.HAL_USART_Transmit_DMA), (144 bytes).
    Removing stm32f7xx_hal_usart.o(i.HAL_USART_Transmit_IT), (104 bytes).
    Removing stm32f7xx_hal_usart.o(i.HAL_USART_TxCpltCallback), (2 bytes).
    Removing stm32f7xx_hal_usart.o(i.HAL_USART_TxHalfCpltCallback), (2 bytes).
    Removing stm32f7xx_hal_usart.o(i.HAL_USART_TxRxCpltCallback), (2 bytes).
    Removing stm32f7xx_hal_usart.o(i.USART_DMAAbortOnError), (16 bytes).
    Removing stm32f7xx_hal_usart.o(i.USART_DMAError), (38 bytes).
    Removing stm32f7xx_hal_usart.o(i.USART_DMAReceiveCplt), (106 bytes).
    Removing stm32f7xx_hal_usart.o(i.USART_DMARxAbortCallback), (44 bytes).
    Removing stm32f7xx_hal_usart.o(i.USART_DMARxHalfCplt), (10 bytes).
    Removing stm32f7xx_hal_usart.o(i.USART_DMATransmitCplt), (60 bytes).
    Removing stm32f7xx_hal_usart.o(i.USART_DMATxAbortCallback), (44 bytes).
    Removing stm32f7xx_hal_usart.o(i.USART_DMATxHalfCplt), (10 bytes).
    Removing stm32f7xx_hal_usart.o(i.USART_EndTransfer), (28 bytes).
    Removing stm32f7xx_hal_usart.o(i.USART_RxISR_16BIT), (120 bytes).
    Removing stm32f7xx_hal_usart.o(i.USART_RxISR_8BIT), (120 bytes).
    Removing stm32f7xx_hal_usart.o(i.USART_SetConfig), (308 bytes).
    Removing stm32f7xx_hal_usart.o(i.USART_TxISR_16BIT), (64 bytes).
    Removing stm32f7xx_hal_usart.o(i.USART_TxISR_8BIT), (60 bytes).
    Removing stm32f7xx_hal_usart.o(i.USART_WaitOnFlagUntilTimeout), (76 bytes).
    Removing stm32f7xx_hal_can.o(.rev16_text), (4 bytes).
    Removing stm32f7xx_hal_can.o(.revsh_text), (4 bytes).
    Removing stm32f7xx_hal_can.o(.rrx_text), (6 bytes).
    Removing stm32f7xx_hal_can.o(i.HAL_CAN_AbortTxRequest), (70 bytes).
    Removing stm32f7xx_hal_can.o(i.HAL_CAN_ActivateNotification), (36 bytes).
    Removing stm32f7xx_hal_can.o(i.HAL_CAN_AddTxMessage), (214 bytes).
    Removing stm32f7xx_hal_can.o(i.HAL_CAN_ConfigFilter), (268 bytes).
    Removing stm32f7xx_hal_can.o(i.HAL_CAN_DeInit), (42 bytes).
    Removing stm32f7xx_hal_can.o(i.HAL_CAN_DeactivateNotification), (36 bytes).
    Removing stm32f7xx_hal_can.o(i.HAL_CAN_ErrorCallback), (2 bytes).
    Removing stm32f7xx_hal_can.o(i.HAL_CAN_GetError), (4 bytes).
    Removing stm32f7xx_hal_can.o(i.HAL_CAN_GetRxFifoFillLevel), (34 bytes).
    Removing stm32f7xx_hal_can.o(i.HAL_CAN_GetRxMessage), (250 bytes).
    Removing stm32f7xx_hal_can.o(i.HAL_CAN_GetState), (36 bytes).
    Removing stm32f7xx_hal_can.o(i.HAL_CAN_GetTxMailboxesFreeLevel), (44 bytes).
    Removing stm32f7xx_hal_can.o(i.HAL_CAN_GetTxTimestamp), (40 bytes).
    Removing stm32f7xx_hal_can.o(i.HAL_CAN_IRQHandler), (508 bytes).
    Removing stm32f7xx_hal_can.o(i.HAL_CAN_Init), (282 bytes).
    Removing stm32f7xx_hal_can.o(i.HAL_CAN_IsSleepActive), (28 bytes).
    Removing stm32f7xx_hal_can.o(i.HAL_CAN_IsTxMessagePending), (30 bytes).
    Removing stm32f7xx_hal_can.o(i.HAL_CAN_MspDeInit), (2 bytes).
    Removing stm32f7xx_hal_can.o(i.HAL_CAN_MspInit), (2 bytes).
    Removing stm32f7xx_hal_can.o(i.HAL_CAN_RequestSleep), (38 bytes).
    Removing stm32f7xx_hal_can.o(i.HAL_CAN_ResetError), (32 bytes).
    Removing stm32f7xx_hal_can.o(i.HAL_CAN_RxFifo0FullCallback), (2 bytes).
    Removing stm32f7xx_hal_can.o(i.HAL_CAN_RxFifo0MsgPendingCallback), (2 bytes).
    Removing stm32f7xx_hal_can.o(i.HAL_CAN_RxFifo1FullCallback), (2 bytes).
    Removing stm32f7xx_hal_can.o(i.HAL_CAN_RxFifo1MsgPendingCallback), (2 bytes).
    Removing stm32f7xx_hal_can.o(i.HAL_CAN_SleepCallback), (2 bytes).
    Removing stm32f7xx_hal_can.o(i.HAL_CAN_Start), (88 bytes).
    Removing stm32f7xx_hal_can.o(i.HAL_CAN_Stop), (96 bytes).
    Removing stm32f7xx_hal_can.o(i.HAL_CAN_TxMailbox0AbortCallback), (2 bytes).
    Removing stm32f7xx_hal_can.o(i.HAL_CAN_TxMailbox0CompleteCallback), (2 bytes).
    Removing stm32f7xx_hal_can.o(i.HAL_CAN_TxMailbox1AbortCallback), (2 bytes).
    Removing stm32f7xx_hal_can.o(i.HAL_CAN_TxMailbox1CompleteCallback), (2 bytes).
    Removing stm32f7xx_hal_can.o(i.HAL_CAN_TxMailbox2AbortCallback), (2 bytes).
    Removing stm32f7xx_hal_can.o(i.HAL_CAN_TxMailbox2CompleteCallback), (2 bytes).
    Removing stm32f7xx_hal_can.o(i.HAL_CAN_WakeUp), (76 bytes).
    Removing stm32f7xx_hal_can.o(i.HAL_CAN_WakeUpFromRxMsgCallback), (2 bytes).
    Removing stm32f7xx_hal_pcd_ex.o(.rev16_text), (4 bytes).
    Removing stm32f7xx_hal_pcd_ex.o(.revsh_text), (4 bytes).
    Removing stm32f7xx_hal_pcd_ex.o(.rrx_text), (6 bytes).
    Removing stm32f7xx_hal_pcd_ex.o(i.HAL_PCDEx_ActivateLPM), (40 bytes).
    Removing stm32f7xx_hal_pcd_ex.o(i.HAL_PCDEx_BCD_Callback), (2 bytes).
    Removing stm32f7xx_hal_pcd_ex.o(i.HAL_PCDEx_DeActivateLPM), (32 bytes).
    Removing stm32f7xx_hal_pcd_ex.o(i.HAL_PCDEx_LPM_Callback), (2 bytes).
    Removing stm32f7xx_hal_pcd_ex.o(i.HAL_PCDEx_SetRxFiFo), (8 bytes).
    Removing stm32f7xx_hal_pcd_ex.o(i.HAL_PCDEx_SetTxFiFo), (70 bytes).
    Removing stm32f7xx_hal_rcc.o(.rev16_text), (4 bytes).
    Removing stm32f7xx_hal_rcc.o(.revsh_text), (4 bytes).
    Removing stm32f7xx_hal_rcc.o(.rrx_text), (6 bytes).
    Removing stm32f7xx_hal_rcc.o(i.HAL_RCC_CSSCallback), (2 bytes).
    Removing stm32f7xx_hal_rcc.o(i.HAL_RCC_DeInit), (320 bytes).
    Removing stm32f7xx_hal_rcc.o(i.HAL_RCC_DisableCSS), (16 bytes).
    Removing stm32f7xx_hal_rcc.o(i.HAL_RCC_EnableCSS), (16 bytes).
    Removing stm32f7xx_hal_rcc.o(i.HAL_RCC_GetClockConfig), (64 bytes).
    Removing stm32f7xx_hal_rcc.o(i.HAL_RCC_GetHCLKFreq), (12 bytes).
    Removing stm32f7xx_hal_rcc.o(i.HAL_RCC_GetOscConfig), (176 bytes).
    Removing stm32f7xx_hal_rcc.o(i.HAL_RCC_GetPCLK1Freq), (32 bytes).
    Removing stm32f7xx_hal_rcc.o(i.HAL_RCC_GetPCLK2Freq), (32 bytes).
    Removing stm32f7xx_hal_rcc.o(i.HAL_RCC_MCOConfig), (148 bytes).
    Removing stm32f7xx_hal_rcc.o(i.HAL_RCC_NMI_IRQHandler), (28 bytes).
    Removing stm32f7xx_hal_rcc_ex.o(.rev16_text), (4 bytes).
    Removing stm32f7xx_hal_rcc_ex.o(.revsh_text), (4 bytes).
    Removing stm32f7xx_hal_rcc_ex.o(.rrx_text), (6 bytes).
    Removing stm32f7xx_hal_rcc_ex.o(i.HAL_RCCEx_DisablePLLI2S), (48 bytes).
    Removing stm32f7xx_hal_rcc_ex.o(i.HAL_RCCEx_DisablePLLSAI), (52 bytes).
    Removing stm32f7xx_hal_rcc_ex.o(i.HAL_RCCEx_EnablePLLI2S), (112 bytes).
    Removing stm32f7xx_hal_rcc_ex.o(i.HAL_RCCEx_EnablePLLSAI), (120 bytes).
    Removing stm32f7xx_hal_rcc_ex.o(i.HAL_RCCEx_GetPeriphCLKConfig), (308 bytes).
    Removing stm32f7xx_hal_rcc_ex.o(i.HAL_RCCEx_GetPeriphCLKFreq), (288 bytes).
    Removing stm32f7xx_hal_rcc_ex.o(i.HAL_RCCEx_PeriphCLKConfig), (1276 bytes).
    Removing stm32f7xx_hal_lptim.o(.rev16_text), (4 bytes).
    Removing stm32f7xx_hal_lptim.o(.revsh_text), (4 bytes).
    Removing stm32f7xx_hal_lptim.o(.rrx_text), (6 bytes).
    Removing stm32f7xx_hal_lptim.o(i.HAL_LPTIM_AutoReloadMatchCallback), (2 bytes).
    Removing stm32f7xx_hal_lptim.o(i.HAL_LPTIM_AutoReloadWriteCallback), (2 bytes).
    Removing stm32f7xx_hal_lptim.o(i.HAL_LPTIM_CompareMatchCallback), (2 bytes).
    Removing stm32f7xx_hal_lptim.o(i.HAL_LPTIM_CompareWriteCallback), (2 bytes).
    Removing stm32f7xx_hal_lptim.o(i.HAL_LPTIM_Counter_Start), (66 bytes).
    Removing stm32f7xx_hal_lptim.o(i.HAL_LPTIM_Counter_Start_IT), (112 bytes).
    Removing stm32f7xx_hal_lptim.o(i.HAL_LPTIM_Counter_Stop), (26 bytes).
    Removing stm32f7xx_hal_lptim.o(i.HAL_LPTIM_Counter_Stop_IT), (76 bytes).
    Removing stm32f7xx_hal_lptim.o(i.HAL_LPTIM_DeInit), (44 bytes).
    Removing stm32f7xx_hal_lptim.o(i.HAL_LPTIM_DirectionDownCallback), (2 bytes).
    Removing stm32f7xx_hal_lptim.o(i.HAL_LPTIM_DirectionUpCallback), (2 bytes).
    Removing stm32f7xx_hal_lptim.o(i.HAL_LPTIM_Encoder_Start), (66 bytes).
    Removing stm32f7xx_hal_lptim.o(i.HAL_LPTIM_Encoder_Start_IT), (86 bytes).
    Removing stm32f7xx_hal_lptim.o(i.HAL_LPTIM_Encoder_Stop), (36 bytes).
    Removing stm32f7xx_hal_lptim.o(i.HAL_LPTIM_Encoder_Stop_IT), (56 bytes).
    Removing stm32f7xx_hal_lptim.o(i.HAL_LPTIM_GetState), (6 bytes).
    Removing stm32f7xx_hal_lptim.o(i.HAL_LPTIM_IRQHandler), (216 bytes).
    Removing stm32f7xx_hal_lptim.o(i.HAL_LPTIM_Init), (152 bytes).
    Removing stm32f7xx_hal_lptim.o(i.HAL_LPTIM_MspDeInit), (2 bytes).
    Removing stm32f7xx_hal_lptim.o(i.HAL_LPTIM_MspInit), (2 bytes).
    Removing stm32f7xx_hal_lptim.o(i.HAL_LPTIM_OnePulse_Start), (56 bytes).
    Removing stm32f7xx_hal_lptim.o(i.HAL_LPTIM_OnePulse_Start_IT), (116 bytes).
    Removing stm32f7xx_hal_lptim.o(i.HAL_LPTIM_OnePulse_Stop), (26 bytes).
    Removing stm32f7xx_hal_lptim.o(i.HAL_LPTIM_OnePulse_Stop_IT), (86 bytes).
    Removing stm32f7xx_hal_lptim.o(i.HAL_LPTIM_PWM_Start), (56 bytes).
    Removing stm32f7xx_hal_lptim.o(i.HAL_LPTIM_PWM_Start_IT), (116 bytes).
    Removing stm32f7xx_hal_lptim.o(i.HAL_LPTIM_PWM_Stop), (26 bytes).
    Removing stm32f7xx_hal_lptim.o(i.HAL_LPTIM_PWM_Stop_IT), (86 bytes).
    Removing stm32f7xx_hal_lptim.o(i.HAL_LPTIM_ReadAutoReload), (6 bytes).
    Removing stm32f7xx_hal_lptim.o(i.HAL_LPTIM_ReadCompare), (6 bytes).
    Removing stm32f7xx_hal_lptim.o(i.HAL_LPTIM_ReadCounter), (6 bytes).
    Removing stm32f7xx_hal_lptim.o(i.HAL_LPTIM_SetOnce_Start), (56 bytes).
    Removing stm32f7xx_hal_lptim.o(i.HAL_LPTIM_SetOnce_Start_IT), (116 bytes).
    Removing stm32f7xx_hal_lptim.o(i.HAL_LPTIM_SetOnce_Stop), (26 bytes).
    Removing stm32f7xx_hal_lptim.o(i.HAL_LPTIM_SetOnce_Stop_IT), (86 bytes).
    Removing stm32f7xx_hal_lptim.o(i.HAL_LPTIM_TimeOut_Start), (56 bytes).
    Removing stm32f7xx_hal_lptim.o(i.HAL_LPTIM_TimeOut_Start_IT), (92 bytes).
    Removing stm32f7xx_hal_lptim.o(i.HAL_LPTIM_TimeOut_Stop), (36 bytes).
    Removing stm32f7xx_hal_lptim.o(i.HAL_LPTIM_TimeOut_Stop_IT), (76 bytes).
    Removing stm32f7xx_hal_lptim.o(i.HAL_LPTIM_TriggerCallback), (2 bytes).
    Removing stm32f7xx_hal_crc_ex.o(.rev16_text), (4 bytes).
    Removing stm32f7xx_hal_crc_ex.o(.revsh_text), (4 bytes).
    Removing stm32f7xx_hal_crc_ex.o(.rrx_text), (6 bytes).
    Removing stm32f7xx_hal_crc_ex.o(i.HAL_CRCEx_Input_Data_Reverse), (26 bytes).
    Removing stm32f7xx_hal_crc_ex.o(i.HAL_CRCEx_Output_Data_Reverse), (26 bytes).
    Removing stm32f7xx_hal_crc_ex.o(i.HAL_CRCEx_Polynomial_Set), (78 bytes).
    Removing stm32f7xx_it.o(.rev16_text), (4 bytes).
    Removing stm32f7xx_it.o(.revsh_text), (4 bytes).
    Removing stm32f7xx_it.o(.rrx_text), (6 bytes).
    Removing stm32f7xx_hal_msp.o(.rev16_text), (4 bytes).
    Removing stm32f7xx_hal_msp.o(.revsh_text), (4 bytes).
    Removing stm32f7xx_hal_msp.o(.rrx_text), (6 bytes).
    Removing stm32f7xx_hal_msp.o(i.HAL_MspDeInit), (2 bytes).
    Removing main.o(.rev16_text), (4 bytes).
    Removing main.o(.revsh_text), (4 bytes).
    Removing main.o(.rrx_text), (6 bytes).
    Removing system_stm32f7xx.o(.rev16_text), (4 bytes).
    Removing system_stm32f7xx.o(.revsh_text), (4 bytes).
    Removing system_stm32f7xx.o(.rrx_text), (6 bytes).
    Removing system_stm32f7xx.o(i.SystemCoreClockUpdate), (132 bytes).
    Removing system_stm32f7xx.o(.constdata), (8 bytes).
    Removing stm32746g_discovery_ts.o(.rev16_text), (4 bytes).
    Removing stm32746g_discovery_ts.o(.revsh_text), (4 bytes).
    Removing stm32746g_discovery_ts.o(.rrx_text), (6 bytes).
    Removing stm32746g_discovery_ts.o(i.BSP_TS_DeInit), (4 bytes).
    Removing stm32746g_discovery_ts.o(i.BSP_TS_GetState), (368 bytes).
    Removing stm32746g_discovery_ts.o(i.BSP_TS_Get_GestureId), (92 bytes).
    Removing stm32746g_discovery_ts.o(i.BSP_TS_ITClear), (16 bytes).
    Removing stm32746g_discovery_ts.o(i.BSP_TS_ITConfig), (72 bytes).
    Removing stm32746g_discovery_ts.o(i.BSP_TS_ITGetStatus), (16 bytes).
    Removing stm32746g_discovery_ts.o(i.BSP_TS_Init), (60 bytes).
    Removing stm32746g_discovery_ts.o(i.BSP_TS_ResetTouchData), (46 bytes).
    Removing stm32746g_discovery_ts.o(.bss), (40 bytes).
    Removing stm32746g_discovery_ts.o(.data), (12 bytes).
    Removing stm32746g_discovery_lcd.o(.rev16_text), (4 bytes).
    Removing stm32746g_discovery_lcd.o(.revsh_text), (4 bytes).
    Removing stm32746g_discovery_lcd.o(.rrx_text), (6 bytes).
    Removing stm32746g_discovery_lcd.o(i.BSP_LCD_Clear), (56 bytes).
    Removing stm32746g_discovery_lcd.o(i.BSP_LCD_ClearStringLine), (92 bytes).
    Removing stm32746g_discovery_lcd.o(i.BSP_LCD_ClockConfig), (32 bytes).
    Removing stm32746g_discovery_lcd.o(i.BSP_LCD_DeInit), (44 bytes).
    Removing stm32746g_discovery_lcd.o(i.BSP_LCD_DisplayChar), (52 bytes).
    Removing stm32746g_discovery_lcd.o(i.BSP_LCD_DisplayOff), (52 bytes).
    Removing stm32746g_discovery_lcd.o(i.BSP_LCD_DisplayOn), (52 bytes).
    Removing stm32746g_discovery_lcd.o(i.BSP_LCD_DisplayStringAt), (200 bytes).
    Removing stm32746g_discovery_lcd.o(i.BSP_LCD_DisplayStringAtLine), (28 bytes).
    Removing stm32746g_discovery_lcd.o(i.BSP_LCD_DrawBitmap), (208 bytes).
    Removing stm32746g_discovery_lcd.o(i.BSP_LCD_DrawCircle), (280 bytes).
    Removing stm32746g_discovery_lcd.o(i.BSP_LCD_DrawEllipse), (284 bytes).
    Removing stm32746g_discovery_lcd.o(i.BSP_LCD_DrawHLine), (124 bytes).
    Removing stm32746g_discovery_lcd.o(i.BSP_LCD_DrawLine), (196 bytes).
    Removing stm32746g_discovery_lcd.o(i.BSP_LCD_DrawPixel), (100 bytes).
    Removing stm32746g_discovery_lcd.o(i.BSP_LCD_DrawPolygon), (56 bytes).
    Removing stm32746g_discovery_lcd.o(i.BSP_LCD_DrawRect), (54 bytes).
    Removing stm32746g_discovery_lcd.o(i.BSP_LCD_DrawVLine), (136 bytes).
    Removing stm32746g_discovery_lcd.o(i.BSP_LCD_FillCircle), (196 bytes).
    Removing stm32746g_discovery_lcd.o(i.BSP_LCD_FillEllipse), (208 bytes).
    Removing stm32746g_discovery_lcd.o(i.BSP_LCD_FillPolygon), (276 bytes).
    Removing stm32746g_discovery_lcd.o(i.BSP_LCD_FillRect), (156 bytes).
    Removing stm32746g_discovery_lcd.o(i.BSP_LCD_GetBackColor), (28 bytes).
    Removing stm32746g_discovery_lcd.o(i.BSP_LCD_GetFont), (28 bytes).
    Removing stm32746g_discovery_lcd.o(i.BSP_LCD_GetTextColor), (24 bytes).
    Removing stm32746g_discovery_lcd.o(i.BSP_LCD_GetXSize), (32 bytes).
    Removing stm32746g_discovery_lcd.o(i.BSP_LCD_GetYSize), (32 bytes).
    Removing stm32746g_discovery_lcd.o(i.BSP_LCD_Init), (164 bytes).
    Removing stm32746g_discovery_lcd.o(i.BSP_LCD_LayerDefaultInit), (120 bytes).
    Removing stm32746g_discovery_lcd.o(i.BSP_LCD_LayerRgb565Init), (124 bytes).
    Removing stm32746g_discovery_lcd.o(i.BSP_LCD_MspDeInit), (96 bytes).
    Removing stm32746g_discovery_lcd.o(i.BSP_LCD_MspInit), (312 bytes).
    Removing stm32746g_discovery_lcd.o(i.BSP_LCD_ReadPixel), (176 bytes).
    Removing stm32746g_discovery_lcd.o(i.BSP_LCD_Reload), (12 bytes).
    Removing stm32746g_discovery_lcd.o(i.BSP_LCD_ResetColorKeying), (12 bytes).
    Removing stm32746g_discovery_lcd.o(i.BSP_LCD_ResetColorKeying_NoReload), (12 bytes).
    Removing stm32746g_discovery_lcd.o(i.BSP_LCD_SelectLayer), (12 bytes).
    Removing stm32746g_discovery_lcd.o(i.BSP_LCD_SetBackColor), (28 bytes).
    Removing stm32746g_discovery_lcd.o(i.BSP_LCD_SetColorKeying), (28 bytes).
    Removing stm32746g_discovery_lcd.o(i.BSP_LCD_SetColorKeying_NoReload), (28 bytes).
    Removing stm32746g_discovery_lcd.o(i.BSP_LCD_SetFont), (28 bytes).
    Removing stm32746g_discovery_lcd.o(i.BSP_LCD_SetLayerAddress), (12 bytes).
    Removing stm32746g_discovery_lcd.o(i.BSP_LCD_SetLayerAddress_NoReload), (12 bytes).
    Removing stm32746g_discovery_lcd.o(i.BSP_LCD_SetLayerVisible), (44 bytes).
    Removing stm32746g_discovery_lcd.o(i.BSP_LCD_SetLayerVisible_NoReload), (36 bytes).
    Removing stm32746g_discovery_lcd.o(i.BSP_LCD_SetLayerWindow), (44 bytes).
    Removing stm32746g_discovery_lcd.o(i.BSP_LCD_SetLayerWindow_NoReload), (44 bytes).
    Removing stm32746g_discovery_lcd.o(i.BSP_LCD_SetTextColor), (24 bytes).
    Removing stm32746g_discovery_lcd.o(i.BSP_LCD_SetTransparency), (12 bytes).
    Removing stm32746g_discovery_lcd.o(i.BSP_LCD_SetTransparency_NoReload), (12 bytes).
    Removing stm32746g_discovery_lcd.o(i.BSP_LCD_SetXSize), (32 bytes).
    Removing stm32746g_discovery_lcd.o(i.BSP_LCD_SetYSize), (32 bytes).
    Removing stm32746g_discovery_lcd.o(i.DrawChar), (176 bytes).
    Removing stm32746g_discovery_lcd.o(i.FillTriangle), (190 bytes).
    Removing stm32746g_discovery_lcd.o(i.LL_ConvertLineToARGB8888), (104 bytes).
    Removing stm32746g_discovery_lcd.o(i.LL_FillBuffer), (128 bytes).
    Removing stm32746g_discovery_lcd.o(.bss), (388 bytes).
    Removing stm32746g_discovery_lcd.o(.constdata), (6840 bytes).
    Removing stm32746g_discovery_lcd.o(.constdata), (3800 bytes).
    Removing stm32746g_discovery_lcd.o(.constdata), (3040 bytes).
    Removing stm32746g_discovery_lcd.o(.constdata), (1140 bytes).
    Removing stm32746g_discovery_lcd.o(.constdata), (760 bytes).
    Removing stm32746g_discovery_lcd.o(.data), (12 bytes).
    Removing stm32746g_discovery_lcd.o(.data), (8 bytes).
    Removing stm32746g_discovery_lcd.o(.data), (8 bytes).
    Removing stm32746g_discovery_lcd.o(.data), (8 bytes).
    Removing stm32746g_discovery_lcd.o(.data), (8 bytes).
    Removing stm32746g_discovery.o(.rev16_text), (4 bytes).
    Removing stm32746g_discovery.o(.revsh_text), (4 bytes).
    Removing stm32746g_discovery.o(.rrx_text), (6 bytes).
    Removing stm32746g_discovery.o(i.AUDIO_IO_DeInit), (2 bytes).
    Removing stm32746g_discovery.o(i.AUDIO_IO_Delay), (4 bytes).
    Removing stm32746g_discovery.o(i.AUDIO_IO_Init), (12 bytes).
    Removing stm32746g_discovery.o(i.AUDIO_IO_Read), (52 bytes).
    Removing stm32746g_discovery.o(i.AUDIO_IO_Write), (52 bytes).
    Removing stm32746g_discovery.o(i.BSP_COM_DeInit), (44 bytes).
    Removing stm32746g_discovery.o(i.BSP_COM_Init), (172 bytes).
    Removing stm32746g_discovery.o(i.BSP_GetVersion), (6 bytes).
    Removing stm32746g_discovery.o(i.BSP_LED_DeInit), (44 bytes).
    Removing stm32746g_discovery.o(i.BSP_LED_Init), (80 bytes).
    Removing stm32746g_discovery.o(i.BSP_LED_Off), (28 bytes).
    Removing stm32746g_discovery.o(i.BSP_LED_On), (28 bytes).
    Removing stm32746g_discovery.o(i.BSP_LED_Toggle), (28 bytes).
    Removing stm32746g_discovery.o(i.BSP_PB_DeInit), (48 bytes).
    Removing stm32746g_discovery.o(i.BSP_PB_GetState), (24 bytes).
    Removing stm32746g_discovery.o(i.BSP_PB_Init), (148 bytes).
    Removing stm32746g_discovery.o(i.CAMERA_Delay), (4 bytes).
    Removing stm32746g_discovery.o(i.CAMERA_IO_Init), (12 bytes).
    Removing stm32746g_discovery.o(i.CAMERA_IO_Read), (40 bytes).
    Removing stm32746g_discovery.o(i.CAMERA_IO_Write), (32 bytes).
    Removing stm32746g_discovery.o(i.EEPROM_IO_Init), (12 bytes).
    Removing stm32746g_discovery.o(i.EEPROM_IO_IsDeviceReady), (20 bytes).
    Removing stm32746g_discovery.o(i.EEPROM_IO_ReadData), (28 bytes).
    Removing stm32746g_discovery.o(i.EEPROM_IO_WriteData), (28 bytes).
    Removing stm32746g_discovery.o(i.I2Cx_Error), (18 bytes).
    Removing stm32746g_discovery.o(i.I2Cx_Init), (80 bytes).
    Removing stm32746g_discovery.o(i.I2Cx_MspInit), (292 bytes).
    Removing stm32746g_discovery.o(i.I2Cx_ReadMultiple), (42 bytes).
    Removing stm32746g_discovery.o(i.I2Cx_WriteMultiple), (42 bytes).
    Removing stm32746g_discovery.o(i.TS_IO_Delay), (4 bytes).
    Removing stm32746g_discovery.o(i.TS_IO_Init), (12 bytes).
    Removing stm32746g_discovery.o(i.TS_IO_Read), (40 bytes).
    Removing stm32746g_discovery.o(i.TS_IO_Write), (32 bytes).
    Removing stm32746g_discovery.o(.bss), (152 bytes).
    Removing stm32746g_discovery.o(.constdata), (24 bytes).
    Removing stm32746g_discovery.o(.data), (24 bytes).
    Removing stm32746g_discovery_audio.o(.rev16_text), (4 bytes).
    Removing stm32746g_discovery_audio.o(.revsh_text), (4 bytes).
    Removing stm32746g_discovery_audio.o(.rrx_text), (6 bytes).
    Removing stm32746g_discovery_audio.o(i.BSP_AUDIO_IN_DeInit), (20 bytes).
    Removing stm32746g_discovery_audio.o(i.BSP_AUDIO_IN_Error_CallBack), (2 bytes).
    Removing stm32746g_discovery_audio.o(i.BSP_AUDIO_IN_HalfTransfer_CallBack), (2 bytes).
    Removing stm32746g_discovery_audio.o(i.BSP_AUDIO_IN_Init), (14 bytes).
    Removing stm32746g_discovery_audio.o(i.BSP_AUDIO_IN_InitEx), (152 bytes).
    Removing stm32746g_discovery_audio.o(i.BSP_AUDIO_IN_MspDeInit), (72 bytes).
    Removing stm32746g_discovery_audio.o(i.BSP_AUDIO_IN_MspInit), (256 bytes).
    Removing stm32746g_discovery_audio.o(i.BSP_AUDIO_IN_OUT_Init), (160 bytes).
    Removing stm32746g_discovery_audio.o(i.BSP_AUDIO_IN_Pause), (16 bytes).
    Removing stm32746g_discovery_audio.o(i.BSP_AUDIO_IN_Record), (20 bytes).
    Removing stm32746g_discovery_audio.o(i.BSP_AUDIO_IN_Resume), (16 bytes).
    Removing stm32746g_discovery_audio.o(i.BSP_AUDIO_IN_SetVolume), (32 bytes).
    Removing stm32746g_discovery_audio.o(i.BSP_AUDIO_IN_Stop), (52 bytes).
    Removing stm32746g_discovery_audio.o(i.BSP_AUDIO_IN_TransferComplete_CallBack), (2 bytes).
    Removing stm32746g_discovery_audio.o(i.BSP_AUDIO_OUT_ChangeBuffer), (16 bytes).
    Removing stm32746g_discovery_audio.o(i.BSP_AUDIO_OUT_ClockConfig), (82 bytes).
    Removing stm32746g_discovery_audio.o(i.BSP_AUDIO_OUT_DeInit), (20 bytes).
    Removing stm32746g_discovery_audio.o(i.BSP_AUDIO_OUT_Error_CallBack), (2 bytes).
    Removing stm32746g_discovery_audio.o(i.BSP_AUDIO_OUT_HalfTransfer_CallBack), (2 bytes).
    Removing stm32746g_discovery_audio.o(i.BSP_AUDIO_OUT_Init), (116 bytes).
    Removing stm32746g_discovery_audio.o(i.BSP_AUDIO_OUT_MspDeInit), (92 bytes).
    Removing stm32746g_discovery_audio.o(i.BSP_AUDIO_OUT_MspInit), (312 bytes).
    Removing stm32746g_discovery_audio.o(i.BSP_AUDIO_OUT_Pause), (36 bytes).
    Removing stm32746g_discovery_audio.o(i.BSP_AUDIO_OUT_Play), (64 bytes).
    Removing stm32746g_discovery_audio.o(i.BSP_AUDIO_OUT_Resume), (36 bytes).
    Removing stm32746g_discovery_audio.o(i.BSP_AUDIO_OUT_SetAudioFrameSlot), (40 bytes).
    Removing stm32746g_discovery_audio.o(i.BSP_AUDIO_OUT_SetFrequency), (52 bytes).
    Removing stm32746g_discovery_audio.o(i.BSP_AUDIO_OUT_SetMute), (28 bytes).
    Removing stm32746g_discovery_audio.o(i.BSP_AUDIO_OUT_SetOutputMode), (28 bytes).
    Removing stm32746g_discovery_audio.o(i.BSP_AUDIO_OUT_SetVolume), (28 bytes).
    Removing stm32746g_discovery_audio.o(i.BSP_AUDIO_OUT_Stop), (52 bytes).
    Removing stm32746g_discovery_audio.o(i.BSP_AUDIO_OUT_TransferComplete_CallBack), (2 bytes).
    Removing stm32746g_discovery_audio.o(i.HAL_SAI_ErrorCallback), (52 bytes).
    Removing stm32746g_discovery_audio.o(i.HAL_SAI_RxCpltCallback), (8 bytes).
    Removing stm32746g_discovery_audio.o(i.HAL_SAI_RxHalfCpltCallback), (8 bytes).
    Removing stm32746g_discovery_audio.o(i.HAL_SAI_TxCpltCallback), (8 bytes).
    Removing stm32746g_discovery_audio.o(i.HAL_SAI_TxHalfCpltCallback), (8 bytes).
    Removing stm32746g_discovery_audio.o(i.SAIx_In_DeInit), (28 bytes).
    Removing stm32746g_discovery_audio.o(i.SAIx_In_Init), (208 bytes).
    Removing stm32746g_discovery_audio.o(i.SAIx_Out_DeInit), (28 bytes).
    Removing stm32746g_discovery_audio.o(i.SAIx_Out_Init), (104 bytes).
    Removing stm32746g_discovery_audio.o(.bss), (552 bytes).
    Removing stm32746g_discovery_audio.o(.bss), (64 bytes).
    Removing stm32746g_discovery_audio.o(.data), (8 bytes).
    Removing stm32746g_discovery_qspi.o(.rev16_text), (4 bytes).
    Removing stm32746g_discovery_qspi.o(.revsh_text), (4 bytes).
    Removing stm32746g_discovery_qspi.o(.rrx_text), (6 bytes).
    Removing stm32746g_discovery_qspi.o(i.BSP_QSPI_DeInit), (40 bytes).
    Removing stm32746g_discovery_qspi.o(i.BSP_QSPI_EnableMemoryMappedMode), (72 bytes).
    Removing stm32746g_discovery_qspi.o(i.BSP_QSPI_Erase_Block), (84 bytes).
    Removing stm32746g_discovery_qspi.o(i.BSP_QSPI_Erase_Chip), (80 bytes).
    Removing stm32746g_discovery_qspi.o(i.BSP_QSPI_GetInfo), (26 bytes).
    Removing stm32746g_discovery_qspi.o(i.BSP_QSPI_GetStatus), (108 bytes).
    Removing stm32746g_discovery_qspi.o(i.BSP_QSPI_Init), (108 bytes).
    Removing stm32746g_discovery_qspi.o(i.BSP_QSPI_MspDeInit), (112 bytes).
    Removing stm32746g_discovery_qspi.o(i.BSP_QSPI_MspInit), (280 bytes).
    Removing stm32746g_discovery_qspi.o(i.BSP_QSPI_Read), (124 bytes).
    Removing stm32746g_discovery_qspi.o(i.BSP_QSPI_Write), (156 bytes).
    Removing stm32746g_discovery_qspi.o(i.QSPI_AutoPollingMemReady), (68 bytes).
    Removing stm32746g_discovery_qspi.o(i.QSPI_DummyCyclesCfg), (138 bytes).
    Removing stm32746g_discovery_qspi.o(i.QSPI_ResetMemory), (82 bytes).
    Removing stm32746g_discovery_qspi.o(i.QSPI_WriteEnable), (102 bytes).
    Removing stm32746g_discovery_qspi.o(.bss), (76 bytes).
    Removing stm32746g_discovery_camera.o(.rev16_text), (4 bytes).
    Removing stm32746g_discovery_camera.o(.revsh_text), (4 bytes).
    Removing stm32746g_discovery_camera.o(.rrx_text), (6 bytes).
    Removing stm32746g_discovery_camera.o(i.BSP_CAMERA_BlackWhiteConfig), (36 bytes).
    Removing stm32746g_discovery_camera.o(i.BSP_CAMERA_ColorEffectConfig), (36 bytes).
    Removing stm32746g_discovery_camera.o(i.BSP_CAMERA_ContinuousStart), (36 bytes).
    Removing stm32746g_discovery_camera.o(i.BSP_CAMERA_ContrastBrightnessConfig), (36 bytes).
    Removing stm32746g_discovery_camera.o(i.BSP_CAMERA_DeInit), (36 bytes).
    Removing stm32746g_discovery_camera.o(i.BSP_CAMERA_ErrorCallback), (2 bytes).
    Removing stm32746g_discovery_camera.o(i.BSP_CAMERA_FrameEventCallback), (2 bytes).
    Removing stm32746g_discovery_camera.o(i.BSP_CAMERA_Init), (148 bytes).
    Removing stm32746g_discovery_camera.o(i.BSP_CAMERA_LineEventCallback), (2 bytes).
    Removing stm32746g_discovery_camera.o(i.BSP_CAMERA_MspDeInit), (40 bytes).
    Removing stm32746g_discovery_camera.o(i.BSP_CAMERA_MspInit), (360 bytes).
    Removing stm32746g_discovery_camera.o(i.BSP_CAMERA_PwrDown), (72 bytes).
    Removing stm32746g_discovery_camera.o(i.BSP_CAMERA_PwrUp), (80 bytes).
    Removing stm32746g_discovery_camera.o(i.BSP_CAMERA_Resume), (12 bytes).
    Removing stm32746g_discovery_camera.o(i.BSP_CAMERA_SnapshotStart), (36 bytes).
    Removing stm32746g_discovery_camera.o(i.BSP_CAMERA_Stop), (28 bytes).
    Removing stm32746g_discovery_camera.o(i.BSP_CAMERA_Suspend), (12 bytes).
    Removing stm32746g_discovery_camera.o(i.BSP_CAMERA_VsyncEventCallback), (2 bytes).
    Removing stm32746g_discovery_camera.o(i.GetSize), (44 bytes).
    Removing stm32746g_discovery_camera.o(i.HAL_DCMI_ErrorCallback), (8 bytes).
    Removing stm32746g_discovery_camera.o(i.HAL_DCMI_FrameEventCallback), (8 bytes).
    Removing stm32746g_discovery_camera.o(i.HAL_DCMI_LineEventCallback), (8 bytes).
    Removing stm32746g_discovery_camera.o(i.HAL_DCMI_VsyncEventCallback), (8 bytes).
    Removing stm32746g_discovery_camera.o(.bss), (176 bytes).
    Removing stm32746g_discovery_camera.o(.data), (12 bytes).
    Removing stm32746g_discovery_sdram.o(.rev16_text), (4 bytes).
    Removing stm32746g_discovery_sdram.o(.revsh_text), (4 bytes).
    Removing stm32746g_discovery_sdram.o(.rrx_text), (6 bytes).
    Removing stm32746g_discovery_sdram.o(i.BSP_SDRAM_DeInit), (52 bytes).
    Removing stm32746g_discovery_sdram.o(i.BSP_SDRAM_Init), (120 bytes).
    Removing stm32746g_discovery_sdram.o(i.BSP_SDRAM_Initialization_sequence), (140 bytes).
    Removing stm32746g_discovery_sdram.o(i.BSP_SDRAM_MspDeInit), (32 bytes).
    Removing stm32746g_discovery_sdram.o(i.BSP_SDRAM_MspInit), (360 bytes).
    Removing stm32746g_discovery_sdram.o(i.BSP_SDRAM_ReadData), (28 bytes).
    Removing stm32746g_discovery_sdram.o(i.BSP_SDRAM_ReadData_DMA), (28 bytes).
    Removing stm32746g_discovery_sdram.o(i.BSP_SDRAM_Sendcmd), (28 bytes).
    Removing stm32746g_discovery_sdram.o(i.BSP_SDRAM_WriteData), (28 bytes).
    Removing stm32746g_discovery_sdram.o(i.BSP_SDRAM_WriteData_DMA), (28 bytes).
    Removing stm32746g_discovery_sdram.o(.bss), (288 bytes).
    Removing stm32746g_discovery_sdram.o(.data), (2 bytes).
    Removing stm32746g_discovery_eeprom.o(.rev16_text), (4 bytes).
    Removing stm32746g_discovery_eeprom.o(.revsh_text), (4 bytes).
    Removing stm32746g_discovery_eeprom.o(.rrx_text), (6 bytes).
    Removing stm32746g_discovery_eeprom.o(i.BSP_EEPROM_DeInit), (4 bytes).
    Removing stm32746g_discovery_eeprom.o(i.BSP_EEPROM_Init), (52 bytes).
    Removing stm32746g_discovery_eeprom.o(i.BSP_EEPROM_ReadBuffer), (32 bytes).
    Removing stm32746g_discovery_eeprom.o(i.BSP_EEPROM_TIMEOUT_UserCallback), (2 bytes).
    Removing stm32746g_discovery_eeprom.o(i.BSP_EEPROM_WaitEepromStandbyState), (32 bytes).
    Removing stm32746g_discovery_eeprom.o(i.BSP_EEPROM_WriteBuffer), (240 bytes).
    Removing stm32746g_discovery_eeprom.o(i.BSP_EEPROM_WritePage), (48 bytes).
    Removing stm32746g_discovery_eeprom.o(.data), (6 bytes).

1914 unused section(s) (total 160561 bytes) removed from the image.

==============================================================================

Image Symbol Table

    Local Symbols

    Symbol Name                              Value     Ov Type        Size  Object(Section)

    ../Src/main.c                            0x00000000   Number         0  main.o ABSOLUTE
    ../Src/stm32f7xx_hal_msp.c               0x00000000   Number         0  stm32f7xx_hal_msp.o ABSOLUTE
    ../Src/stm32f7xx_it.c                    0x00000000   Number         0  stm32f7xx_it.o ABSOLUTE
    ../Src/system_stm32f7xx.c                0x00000000   Number         0  system_stm32f7xx.o ABSOLUTE
    ../clib/microlib/division.c              0x00000000   Number         0  uldiv.o ABSOLUTE
    ../clib/microlib/init/entry.s            0x00000000   Number         0  entry9a.o ABSOLUTE
    ../clib/microlib/init/entry.s            0x00000000   Number         0  entry7a.o ABSOLUTE
    ../clib/microlib/init/entry.s            0x00000000   Number         0  entry8b.o ABSOLUTE
    ../clib/microlib/init/entry.s            0x00000000   Number         0  entry8a.o ABSOLUTE
    ../clib/microlib/init/entry.s            0x00000000   Number         0  entry7b.o ABSOLUTE
    ../clib/microlib/init/entry.s            0x00000000   Number         0  entry11b.o ABSOLUTE
    ../clib/microlib/init/entry.s            0x00000000   Number         0  entry11a.o ABSOLUTE
    ../clib/microlib/init/entry.s            0x00000000   Number         0  entry10b.o ABSOLUTE
    ../clib/microlib/init/entry.s            0x00000000   Number         0  entry5.o ABSOLUTE
    ../clib/microlib/init/entry.s            0x00000000   Number         0  entry.o ABSOLUTE
    ../clib/microlib/init/entry.s            0x00000000   Number         0  entry2.o ABSOLUTE
    ../clib/microlib/init/entry.s            0x00000000   Number         0  entry10a.o ABSOLUTE
    ../clib/microlib/init/entry.s            0x00000000   Number         0  entry9b.o ABSOLUTE
    ../clib/microlib/longlong.c              0x00000000   Number         0  llushr.o ABSOLUTE
    ../clib/microlib/longlong.c              0x00000000   Number         0  llshl.o ABSOLUTE
    ../clib/microlib/string/memcpy.c         0x00000000   Number         0  memcpyb.o ABSOLUTE
    ../clib/microlib/string/memcpy.c         0x00000000   Number         0  memcpya.o ABSOLUTE
    ..\..\Drivers\BSP\Components\ft5336\ft5336.c 0x00000000   Number         0  ft5336.o ABSOLUTE
    ..\..\Drivers\BSP\Components\ov9655\ov9655.c 0x00000000   Number         0  ov9655.o ABSOLUTE
    ..\..\Drivers\BSP\Components\wm8994\wm8994.c 0x00000000   Number         0  wm8994.o ABSOLUTE
    ..\..\Drivers\BSP\STM32746G-Discovery\stm32746g_discovery.c 0x00000000   Number         0  stm32746g_discovery.o ABSOLUTE
    ..\..\Drivers\BSP\STM32746G-Discovery\stm32746g_discovery_audio.c 0x00000000   Number         0  stm32746g_discovery_audio.o ABSOLUTE
    ..\..\Drivers\BSP\STM32746G-Discovery\stm32746g_discovery_camera.c 0x00000000   Number         0  stm32746g_discovery_camera.o ABSOLUTE
    ..\..\Drivers\BSP\STM32746G-Discovery\stm32746g_discovery_eeprom.c 0x00000000   Number         0  stm32746g_discovery_eeprom.o ABSOLUTE
    ..\..\Drivers\BSP\STM32746G-Discovery\stm32746g_discovery_lcd.c 0x00000000   Number         0  stm32746g_discovery_lcd.o ABSOLUTE
    ..\..\Drivers\BSP\STM32746G-Discovery\stm32746g_discovery_qspi.c 0x00000000   Number         0  stm32746g_discovery_qspi.o ABSOLUTE
    ..\..\Drivers\BSP\STM32746G-Discovery\stm32746g_discovery_sdram.c 0x00000000   Number         0  stm32746g_discovery_sdram.o ABSOLUTE
    ..\..\Drivers\BSP\STM32746G-Discovery\stm32746g_discovery_ts.c 0x00000000   Number         0  stm32746g_discovery_ts.o ABSOLUTE
    ..\..\Drivers\STM32F7xx_HAL_Driver\Src\stm32f7xx_hal.c 0x00000000   Number         0  stm32f7xx_hal.o ABSOLUTE
    ..\..\Drivers\STM32F7xx_HAL_Driver\Src\stm32f7xx_hal_adc.c 0x00000000   Number         0  stm32f7xx_hal_adc.o ABSOLUTE
    ..\..\Drivers\STM32F7xx_HAL_Driver\Src\stm32f7xx_hal_adc_ex.c 0x00000000   Number         0  stm32f7xx_hal_adc_ex.o ABSOLUTE
    ..\..\Drivers\STM32F7xx_HAL_Driver\Src\stm32f7xx_hal_can.c 0x00000000   Number         0  stm32f7xx_hal_can.o ABSOLUTE
    ..\..\Drivers\STM32F7xx_HAL_Driver\Src\stm32f7xx_hal_cec.c 0x00000000   Number         0  stm32f7xx_hal_cec.o ABSOLUTE
    ..\..\Drivers\STM32F7xx_HAL_Driver\Src\stm32f7xx_hal_cortex.c 0x00000000   Number         0  stm32f7xx_hal_cortex.o ABSOLUTE
    ..\..\Drivers\STM32F7xx_HAL_Driver\Src\stm32f7xx_hal_crc.c 0x00000000   Number         0  stm32f7xx_hal_crc.o ABSOLUTE
    ..\..\Drivers\STM32F7xx_HAL_Driver\Src\stm32f7xx_hal_crc_ex.c 0x00000000   Number         0  stm32f7xx_hal_crc_ex.o ABSOLUTE
    ..\..\Drivers\STM32F7xx_HAL_Driver\Src\stm32f7xx_hal_cryp.c 0x00000000   Number         0  stm32f7xx_hal_cryp.o ABSOLUTE
    ..\..\Drivers\STM32F7xx_HAL_Driver\Src\stm32f7xx_hal_cryp_ex.c 0x00000000   Number         0  stm32f7xx_hal_cryp_ex.o ABSOLUTE
    ..\..\Drivers\STM32F7xx_HAL_Driver\Src\stm32f7xx_hal_dac.c 0x00000000   Number         0  stm32f7xx_hal_dac.o ABSOLUTE
    ..\..\Drivers\STM32F7xx_HAL_Driver\Src\stm32f7xx_hal_dac_ex.c 0x00000000   Number         0  stm32f7xx_hal_dac_ex.o ABSOLUTE
    ..\..\Drivers\STM32F7xx_HAL_Driver\Src\stm32f7xx_hal_dcmi.c 0x00000000   Number         0  stm32f7xx_hal_dcmi.o ABSOLUTE
    ..\..\Drivers\STM32F7xx_HAL_Driver\Src\stm32f7xx_hal_dma.c 0x00000000   Number         0  stm32f7xx_hal_dma.o ABSOLUTE
    ..\..\Drivers\STM32F7xx_HAL_Driver\Src\stm32f7xx_hal_dma2d.c 0x00000000   Number         0  stm32f7xx_hal_dma2d.o ABSOLUTE
    ..\..\Drivers\STM32F7xx_HAL_Driver\Src\stm32f7xx_hal_dma_ex.c 0x00000000   Number         0  stm32f7xx_hal_dma_ex.o ABSOLUTE
    ..\..\Drivers\STM32F7xx_HAL_Driver\Src\stm32f7xx_hal_eth.c 0x00000000   Number         0  stm32f7xx_hal_eth.o ABSOLUTE
    ..\..\Drivers\STM32F7xx_HAL_Driver\Src\stm32f7xx_hal_exti.c 0x00000000   Number         0  stm32f7xx_hal_exti.o ABSOLUTE
    ..\..\Drivers\STM32F7xx_HAL_Driver\Src\stm32f7xx_hal_flash.c 0x00000000   Number         0  stm32f7xx_hal_flash.o ABSOLUTE
    ..\..\Drivers\STM32F7xx_HAL_Driver\Src\stm32f7xx_hal_flash_ex.c 0x00000000   Number         0  stm32f7xx_hal_flash_ex.o ABSOLUTE
    ..\..\Drivers\STM32F7xx_HAL_Driver\Src\stm32f7xx_hal_gpio.c 0x00000000   Number         0  stm32f7xx_hal_gpio.o ABSOLUTE
    ..\..\Drivers\STM32F7xx_HAL_Driver\Src\stm32f7xx_hal_hash.c 0x00000000   Number         0  stm32f7xx_hal_hash.o ABSOLUTE
    ..\..\Drivers\STM32F7xx_HAL_Driver\Src\stm32f7xx_hal_hash_ex.c 0x00000000   Number         0  stm32f7xx_hal_hash_ex.o ABSOLUTE
    ..\..\Drivers\STM32F7xx_HAL_Driver\Src\stm32f7xx_hal_hcd.c 0x00000000   Number         0  stm32f7xx_hal_hcd.o ABSOLUTE
    ..\..\Drivers\STM32F7xx_HAL_Driver\Src\stm32f7xx_hal_i2c.c 0x00000000   Number         0  stm32f7xx_hal_i2c.o ABSOLUTE
    ..\..\Drivers\STM32F7xx_HAL_Driver\Src\stm32f7xx_hal_i2c_ex.c 0x00000000   Number         0  stm32f7xx_hal_i2c_ex.o ABSOLUTE
    ..\..\Drivers\STM32F7xx_HAL_Driver\Src\stm32f7xx_hal_i2s.c 0x00000000   Number         0  stm32f7xx_hal_i2s.o ABSOLUTE
    ..\..\Drivers\STM32F7xx_HAL_Driver\Src\stm32f7xx_hal_irda.c 0x00000000   Number         0  stm32f7xx_hal_irda.o ABSOLUTE
    ..\..\Drivers\STM32F7xx_HAL_Driver\Src\stm32f7xx_hal_iwdg.c 0x00000000   Number         0  stm32f7xx_hal_iwdg.o ABSOLUTE
    ..\..\Drivers\STM32F7xx_HAL_Driver\Src\stm32f7xx_hal_lptim.c 0x00000000   Number         0  stm32f7xx_hal_lptim.o ABSOLUTE
    ..\..\Drivers\STM32F7xx_HAL_Driver\Src\stm32f7xx_hal_ltdc.c 0x00000000   Number         0  stm32f7xx_hal_ltdc.o ABSOLUTE
    ..\..\Drivers\STM32F7xx_HAL_Driver\Src\stm32f7xx_hal_nand.c 0x00000000   Number         0  stm32f7xx_hal_nand.o ABSOLUTE
    ..\..\Drivers\STM32F7xx_HAL_Driver\Src\stm32f7xx_hal_nor.c 0x00000000   Number         0  stm32f7xx_hal_nor.o ABSOLUTE
    ..\..\Drivers\STM32F7xx_HAL_Driver\Src\stm32f7xx_hal_pcd.c 0x00000000   Number         0  stm32f7xx_hal_pcd.o ABSOLUTE
    ..\..\Drivers\STM32F7xx_HAL_Driver\Src\stm32f7xx_hal_pcd_ex.c 0x00000000   Number         0  stm32f7xx_hal_pcd_ex.o ABSOLUTE
    ..\..\Drivers\STM32F7xx_HAL_Driver\Src\stm32f7xx_hal_pwr.c 0x00000000   Number         0  stm32f7xx_hal_pwr.o ABSOLUTE
    ..\..\Drivers\STM32F7xx_HAL_Driver\Src\stm32f7xx_hal_pwr_ex.c 0x00000000   Number         0  stm32f7xx_hal_pwr_ex.o ABSOLUTE
    ..\..\Drivers\STM32F7xx_HAL_Driver\Src\stm32f7xx_hal_qspi.c 0x00000000   Number         0  stm32f7xx_hal_qspi.o ABSOLUTE
    ..\..\Drivers\STM32F7xx_HAL_Driver\Src\stm32f7xx_hal_rcc.c 0x00000000   Number         0  stm32f7xx_hal_rcc.o ABSOLUTE
    ..\..\Drivers\STM32F7xx_HAL_Driver\Src\stm32f7xx_hal_rcc_ex.c 0x00000000   Number         0  stm32f7xx_hal_rcc_ex.o ABSOLUTE
    ..\..\Drivers\STM32F7xx_HAL_Driver\Src\stm32f7xx_hal_rng.c 0x00000000   Number         0  stm32f7xx_hal_rng.o ABSOLUTE
    ..\..\Drivers\STM32F7xx_HAL_Driver\Src\stm32f7xx_hal_rtc.c 0x00000000   Number         0  stm32f7xx_hal_rtc.o ABSOLUTE
    ..\..\Drivers\STM32F7xx_HAL_Driver\Src\stm32f7xx_hal_rtc_ex.c 0x00000000   Number         0  stm32f7xx_hal_rtc_ex.o ABSOLUTE
    ..\..\Drivers\STM32F7xx_HAL_Driver\Src\stm32f7xx_hal_sai.c 0x00000000   Number         0  stm32f7xx_hal_sai.o ABSOLUTE
    ..\..\Drivers\STM32F7xx_HAL_Driver\Src\stm32f7xx_hal_sai_ex.c 0x00000000   Number         0  stm32f7xx_hal_sai_ex.o ABSOLUTE
    ..\..\Drivers\STM32F7xx_HAL_Driver\Src\stm32f7xx_hal_sd.c 0x00000000   Number         0  stm32f7xx_hal_sd.o ABSOLUTE
    ..\..\Drivers\STM32F7xx_HAL_Driver\Src\stm32f7xx_hal_sdram.c 0x00000000   Number         0  stm32f7xx_hal_sdram.o ABSOLUTE
    ..\..\Drivers\STM32F7xx_HAL_Driver\Src\stm32f7xx_hal_smartcard.c 0x00000000   Number         0  stm32f7xx_hal_smartcard.o ABSOLUTE
    ..\..\Drivers\STM32F7xx_HAL_Driver\Src\stm32f7xx_hal_smartcard_ex.c 0x00000000   Number         0  stm32f7xx_hal_smartcard_ex.o ABSOLUTE
    ..\..\Drivers\STM32F7xx_HAL_Driver\Src\stm32f7xx_hal_spdifrx.c 0x00000000   Number         0  stm32f7xx_hal_spdifrx.o ABSOLUTE
    ..\..\Drivers\STM32F7xx_HAL_Driver\Src\stm32f7xx_hal_spi.c 0x00000000   Number         0  stm32f7xx_hal_spi.o ABSOLUTE
    ..\..\Drivers\STM32F7xx_HAL_Driver\Src\stm32f7xx_hal_sram.c 0x00000000   Number         0  stm32f7xx_hal_sram.o ABSOLUTE
    ..\..\Drivers\STM32F7xx_HAL_Driver\Src\stm32f7xx_hal_tim.c 0x00000000   Number         0  stm32f7xx_hal_tim.o ABSOLUTE
    ..\..\Drivers\STM32F7xx_HAL_Driver\Src\stm32f7xx_hal_tim_ex.c 0x00000000   Number         0  stm32f7xx_hal_tim_ex.o ABSOLUTE
    ..\..\Drivers\STM32F7xx_HAL_Driver\Src\stm32f7xx_hal_uart.c 0x00000000   Number         0  stm32f7xx_hal_uart.o ABSOLUTE
    ..\..\Drivers\STM32F7xx_HAL_Driver\Src\stm32f7xx_hal_usart.c 0x00000000   Number         0  stm32f7xx_hal_usart.o ABSOLUTE
    ..\..\Drivers\STM32F7xx_HAL_Driver\Src\stm32f7xx_hal_wwdg.c 0x00000000   Number         0  stm32f7xx_hal_wwdg.o ABSOLUTE
    ..\..\Drivers\STM32F7xx_HAL_Driver\Src\stm32f7xx_ll_fmc.c 0x00000000   Number         0  stm32f7xx_ll_fmc.o ABSOLUTE
    ..\..\Drivers\STM32F7xx_HAL_Driver\Src\stm32f7xx_ll_sdmmc.c 0x00000000   Number         0  stm32f7xx_ll_sdmmc.o ABSOLUTE
    ..\..\Drivers\STM32F7xx_HAL_Driver\Src\stm32f7xx_ll_usb.c 0x00000000   Number         0  stm32f7xx_ll_usb.o ABSOLUTE
    ..\Src\main.c                            0x00000000   Number         0  main.o ABSOLUTE
    ..\Src\stm32f7xx_hal_msp.c               0x00000000   Number         0  stm32f7xx_hal_msp.o ABSOLUTE
    ..\Src\stm32f7xx_it.c                    0x00000000   Number         0  stm32f7xx_it.o ABSOLUTE
    ..\Src\system_stm32f7xx.c                0x00000000   Number         0  system_stm32f7xx.o ABSOLUTE
    ..\\..\\Drivers\\BSP\\STM32746G-Discovery\\stm32746g_discovery.c 0x00000000   Number         0  stm32746g_discovery.o ABSOLUTE
    ..\\..\\Drivers\\BSP\\STM32746G-Discovery\\stm32746g_discovery_audio.c 0x00000000   Number         0  stm32746g_discovery_audio.o ABSOLUTE
    ..\\..\\Drivers\\BSP\\STM32746G-Discovery\\stm32746g_discovery_camera.c 0x00000000   Number         0  stm32746g_discovery_camera.o ABSOLUTE
    ..\\..\\Drivers\\BSP\\STM32746G-Discovery\\stm32746g_discovery_eeprom.c 0x00000000   Number         0  stm32746g_discovery_eeprom.o ABSOLUTE
    ..\\..\\Drivers\\BSP\\STM32746G-Discovery\\stm32746g_discovery_lcd.c 0x00000000   Number         0  stm32746g_discovery_lcd.o ABSOLUTE
    ..\\..\\Drivers\\BSP\\STM32746G-Discovery\\stm32746g_discovery_qspi.c 0x00000000   Number         0  stm32746g_discovery_qspi.o ABSOLUTE
    ..\\..\\Drivers\\BSP\\STM32746G-Discovery\\stm32746g_discovery_sdram.c 0x00000000   Number         0  stm32746g_discovery_sdram.o ABSOLUTE
    ..\\..\\Drivers\\BSP\\STM32746G-Discovery\\stm32746g_discovery_ts.c 0x00000000   Number         0  stm32746g_discovery_ts.o ABSOLUTE
    ..\\..\\Drivers\\STM32F7xx_HAL_Driver\\Src\\stm32f7xx_hal.c 0x00000000   Number         0  stm32f7xx_hal.o ABSOLUTE
    ..\\..\\Drivers\\STM32F7xx_HAL_Driver\\Src\\stm32f7xx_hal_adc.c 0x00000000   Number         0  stm32f7xx_hal_adc.o ABSOLUTE
    ..\\..\\Drivers\\STM32F7xx_HAL_Driver\\Src\\stm32f7xx_hal_adc_ex.c 0x00000000   Number         0  stm32f7xx_hal_adc_ex.o ABSOLUTE
    ..\\..\\Drivers\\STM32F7xx_HAL_Driver\\Src\\stm32f7xx_hal_can.c 0x00000000   Number         0  stm32f7xx_hal_can.o ABSOLUTE
    ..\\..\\Drivers\\STM32F7xx_HAL_Driver\\Src\\stm32f7xx_hal_cec.c 0x00000000   Number         0  stm32f7xx_hal_cec.o ABSOLUTE
    ..\\..\\Drivers\\STM32F7xx_HAL_Driver\\Src\\stm32f7xx_hal_cortex.c 0x00000000   Number         0  stm32f7xx_hal_cortex.o ABSOLUTE
    ..\\..\\Drivers\\STM32F7xx_HAL_Driver\\Src\\stm32f7xx_hal_crc.c 0x00000000   Number         0  stm32f7xx_hal_crc.o ABSOLUTE
    ..\\..\\Drivers\\STM32F7xx_HAL_Driver\\Src\\stm32f7xx_hal_crc_ex.c 0x00000000   Number         0  stm32f7xx_hal_crc_ex.o ABSOLUTE
    ..\\..\\Drivers\\STM32F7xx_HAL_Driver\\Src\\stm32f7xx_hal_cryp.c 0x00000000   Number         0  stm32f7xx_hal_cryp.o ABSOLUTE
    ..\\..\\Drivers\\STM32F7xx_HAL_Driver\\Src\\stm32f7xx_hal_cryp_ex.c 0x00000000   Number         0  stm32f7xx_hal_cryp_ex.o ABSOLUTE
    ..\\..\\Drivers\\STM32F7xx_HAL_Driver\\Src\\stm32f7xx_hal_dac.c 0x00000000   Number         0  stm32f7xx_hal_dac.o ABSOLUTE
    ..\\..\\Drivers\\STM32F7xx_HAL_Driver\\Src\\stm32f7xx_hal_dac_ex.c 0x00000000   Number         0  stm32f7xx_hal_dac_ex.o ABSOLUTE
    ..\\..\\Drivers\\STM32F7xx_HAL_Driver\\Src\\stm32f7xx_hal_dcmi.c 0x00000000   Number         0  stm32f7xx_hal_dcmi.o ABSOLUTE
    ..\\..\\Drivers\\STM32F7xx_HAL_Driver\\Src\\stm32f7xx_hal_dma.c 0x00000000   Number         0  stm32f7xx_hal_dma.o ABSOLUTE
    ..\\..\\Drivers\\STM32F7xx_HAL_Driver\\Src\\stm32f7xx_hal_dma2d.c 0x00000000   Number         0  stm32f7xx_hal_dma2d.o ABSOLUTE
    ..\\..\\Drivers\\STM32F7xx_HAL_Driver\\Src\\stm32f7xx_hal_dma_ex.c 0x00000000   Number         0  stm32f7xx_hal_dma_ex.o ABSOLUTE
    ..\\..\\Drivers\\STM32F7xx_HAL_Driver\\Src\\stm32f7xx_hal_eth.c 0x00000000   Number         0  stm32f7xx_hal_eth.o ABSOLUTE
    ..\\..\\Drivers\\STM32F7xx_HAL_Driver\\Src\\stm32f7xx_hal_exti.c 0x00000000   Number         0  stm32f7xx_hal_exti.o ABSOLUTE
    ..\\..\\Drivers\\STM32F7xx_HAL_Driver\\Src\\stm32f7xx_hal_flash.c 0x00000000   Number         0  stm32f7xx_hal_flash.o ABSOLUTE
    ..\\..\\Drivers\\STM32F7xx_HAL_Driver\\Src\\stm32f7xx_hal_flash_ex.c 0x00000000   Number         0  stm32f7xx_hal_flash_ex.o ABSOLUTE
    ..\\..\\Drivers\\STM32F7xx_HAL_Driver\\Src\\stm32f7xx_hal_gpio.c 0x00000000   Number         0  stm32f7xx_hal_gpio.o ABSOLUTE
    ..\\..\\Drivers\\STM32F7xx_HAL_Driver\\Src\\stm32f7xx_hal_hash.c 0x00000000   Number         0  stm32f7xx_hal_hash.o ABSOLUTE
    ..\\..\\Drivers\\STM32F7xx_HAL_Driver\\Src\\stm32f7xx_hal_hash_ex.c 0x00000000   Number         0  stm32f7xx_hal_hash_ex.o ABSOLUTE
    ..\\..\\Drivers\\STM32F7xx_HAL_Driver\\Src\\stm32f7xx_hal_hcd.c 0x00000000   Number         0  stm32f7xx_hal_hcd.o ABSOLUTE
    ..\\..\\Drivers\\STM32F7xx_HAL_Driver\\Src\\stm32f7xx_hal_i2c.c 0x00000000   Number         0  stm32f7xx_hal_i2c.o ABSOLUTE
    ..\\..\\Drivers\\STM32F7xx_HAL_Driver\\Src\\stm32f7xx_hal_i2c_ex.c 0x00000000   Number         0  stm32f7xx_hal_i2c_ex.o ABSOLUTE
    ..\\..\\Drivers\\STM32F7xx_HAL_Driver\\Src\\stm32f7xx_hal_i2s.c 0x00000000   Number         0  stm32f7xx_hal_i2s.o ABSOLUTE
    ..\\..\\Drivers\\STM32F7xx_HAL_Driver\\Src\\stm32f7xx_hal_irda.c 0x00000000   Number         0  stm32f7xx_hal_irda.o ABSOLUTE
    ..\\..\\Drivers\\STM32F7xx_HAL_Driver\\Src\\stm32f7xx_hal_iwdg.c 0x00000000   Number         0  stm32f7xx_hal_iwdg.o ABSOLUTE
    ..\\..\\Drivers\\STM32F7xx_HAL_Driver\\Src\\stm32f7xx_hal_lptim.c 0x00000000   Number         0  stm32f7xx_hal_lptim.o ABSOLUTE
    ..\\..\\Drivers\\STM32F7xx_HAL_Driver\\Src\\stm32f7xx_hal_ltdc.c 0x00000000   Number         0  stm32f7xx_hal_ltdc.o ABSOLUTE
    ..\\..\\Drivers\\STM32F7xx_HAL_Driver\\Src\\stm32f7xx_hal_nand.c 0x00000000   Number         0  stm32f7xx_hal_nand.o ABSOLUTE
    ..\\..\\Drivers\\STM32F7xx_HAL_Driver\\Src\\stm32f7xx_hal_nor.c 0x00000000   Number         0  stm32f7xx_hal_nor.o ABSOLUTE
    ..\\..\\Drivers\\STM32F7xx_HAL_Driver\\Src\\stm32f7xx_hal_pcd.c 0x00000000   Number         0  stm32f7xx_hal_pcd.o ABSOLUTE
    ..\\..\\Drivers\\STM32F7xx_HAL_Driver\\Src\\stm32f7xx_hal_pcd_ex.c 0x00000000   Number         0  stm32f7xx_hal_pcd_ex.o ABSOLUTE
    ..\\..\\Drivers\\STM32F7xx_HAL_Driver\\Src\\stm32f7xx_hal_pwr.c 0x00000000   Number         0  stm32f7xx_hal_pwr.o ABSOLUTE
    ..\\..\\Drivers\\STM32F7xx_HAL_Driver\\Src\\stm32f7xx_hal_pwr_ex.c 0x00000000   Number         0  stm32f7xx_hal_pwr_ex.o ABSOLUTE
    ..\\..\\Drivers\\STM32F7xx_HAL_Driver\\Src\\stm32f7xx_hal_qspi.c 0x00000000   Number         0  stm32f7xx_hal_qspi.o ABSOLUTE
    ..\\..\\Drivers\\STM32F7xx_HAL_Driver\\Src\\stm32f7xx_hal_rcc.c 0x00000000   Number         0  stm32f7xx_hal_rcc.o ABSOLUTE
    ..\\..\\Drivers\\STM32F7xx_HAL_Driver\\Src\\stm32f7xx_hal_rcc_ex.c 0x00000000   Number         0  stm32f7xx_hal_rcc_ex.o ABSOLUTE
    ..\\..\\Drivers\\STM32F7xx_HAL_Driver\\Src\\stm32f7xx_hal_rng.c 0x00000000   Number         0  stm32f7xx_hal_rng.o ABSOLUTE
    ..\\..\\Drivers\\STM32F7xx_HAL_Driver\\Src\\stm32f7xx_hal_rtc.c 0x00000000   Number         0  stm32f7xx_hal_rtc.o ABSOLUTE
    ..\\..\\Drivers\\STM32F7xx_HAL_Driver\\Src\\stm32f7xx_hal_rtc_ex.c 0x00000000   Number         0  stm32f7xx_hal_rtc_ex.o ABSOLUTE
    ..\\..\\Drivers\\STM32F7xx_HAL_Driver\\Src\\stm32f7xx_hal_sai.c 0x00000000   Number         0  stm32f7xx_hal_sai.o ABSOLUTE
    ..\\..\\Drivers\\STM32F7xx_HAL_Driver\\Src\\stm32f7xx_hal_sai_ex.c 0x00000000   Number         0  stm32f7xx_hal_sai_ex.o ABSOLUTE
    ..\\..\\Drivers\\STM32F7xx_HAL_Driver\\Src\\stm32f7xx_hal_sd.c 0x00000000   Number         0  stm32f7xx_hal_sd.o ABSOLUTE
    ..\\..\\Drivers\\STM32F7xx_HAL_Driver\\Src\\stm32f7xx_hal_sdram.c 0x00000000   Number         0  stm32f7xx_hal_sdram.o ABSOLUTE
    ..\\..\\Drivers\\STM32F7xx_HAL_Driver\\Src\\stm32f7xx_hal_smartcard.c 0x00000000   Number         0  stm32f7xx_hal_smartcard.o ABSOLUTE
    ..\\..\\Drivers\\STM32F7xx_HAL_Driver\\Src\\stm32f7xx_hal_smartcard_ex.c 0x00000000   Number         0  stm32f7xx_hal_smartcard_ex.o ABSOLUTE
    ..\\..\\Drivers\\STM32F7xx_HAL_Driver\\Src\\stm32f7xx_hal_spdifrx.c 0x00000000   Number         0  stm32f7xx_hal_spdifrx.o ABSOLUTE
    ..\\..\\Drivers\\STM32F7xx_HAL_Driver\\Src\\stm32f7xx_hal_spi.c 0x00000000   Number         0  stm32f7xx_hal_spi.o ABSOLUTE
    ..\\..\\Drivers\\STM32F7xx_HAL_Driver\\Src\\stm32f7xx_hal_sram.c 0x00000000   Number         0  stm32f7xx_hal_sram.o ABSOLUTE
    ..\\..\\Drivers\\STM32F7xx_HAL_Driver\\Src\\stm32f7xx_hal_tim.c 0x00000000   Number         0  stm32f7xx_hal_tim.o ABSOLUTE
    ..\\..\\Drivers\\STM32F7xx_HAL_Driver\\Src\\stm32f7xx_hal_tim_ex.c 0x00000000   Number         0  stm32f7xx_hal_tim_ex.o ABSOLUTE
    ..\\..\\Drivers\\STM32F7xx_HAL_Driver\\Src\\stm32f7xx_hal_uart.c 0x00000000   Number         0  stm32f7xx_hal_uart.o ABSOLUTE
    ..\\..\\Drivers\\STM32F7xx_HAL_Driver\\Src\\stm32f7xx_hal_usart.c 0x00000000   Number         0  stm32f7xx_hal_usart.o ABSOLUTE
    ..\\..\\Drivers\\STM32F7xx_HAL_Driver\\Src\\stm32f7xx_hal_wwdg.c 0x00000000   Number         0  stm32f7xx_hal_wwdg.o ABSOLUTE
    ..\\..\\Drivers\\STM32F7xx_HAL_Driver\\Src\\stm32f7xx_ll_fmc.c 0x00000000   Number         0  stm32f7xx_ll_fmc.o ABSOLUTE
    ..\\..\\Drivers\\STM32F7xx_HAL_Driver\\Src\\stm32f7xx_ll_sdmmc.c 0x00000000   Number         0  stm32f7xx_ll_sdmmc.o ABSOLUTE
    ..\\..\\Drivers\\STM32F7xx_HAL_Driver\\Src\\stm32f7xx_ll_usb.c 0x00000000   Number         0  stm32f7xx_ll_usb.o ABSOLUTE
    dc.s                                     0x00000000   Number         0  dc.o ABSOLUTE
    handlers.s                               0x00000000   Number         0  handlers.o ABSOLUTE
    init.s                                   0x00000000   Number         0  init.o ABSOLUTE
    startup_stm32f746xx.s                    0x00000000   Number         0  startup_stm32f746xx.o ABSOLUTE
    RESET                                    0x00200000   Section      456  startup_stm32f746xx.o(RESET)
    .ARM.Collect$$$$00000000                 0x002001c8   Section        0  entry.o(.ARM.Collect$$$$00000000)
    .ARM.Collect$$$$00000001                 0x002001c8   Section        4  entry2.o(.ARM.Collect$$$$00000001)
    .ARM.Collect$$$$00000004                 0x002001cc   Section        4  entry5.o(.ARM.Collect$$$$00000004)
    .ARM.Collect$$$$00000008                 0x002001d0   Section        0  entry7b.o(.ARM.Collect$$$$00000008)
    .ARM.Collect$$$$0000000A                 0x002001d0   Section        0  entry8b.o(.ARM.Collect$$$$0000000A)
    .ARM.Collect$$$$0000000B                 0x002001d0   Section        8  entry9a.o(.ARM.Collect$$$$0000000B)
    .ARM.Collect$$$$0000000D                 0x002001d8   Section        0  entry10a.o(.ARM.Collect$$$$0000000D)
    .ARM.Collect$$$$0000000F                 0x002001d8   Section        0  entry11a.o(.ARM.Collect$$$$0000000F)
    .ARM.Collect$$$$00002712                 0x002001d8   Section        4  entry2.o(.ARM.Collect$$$$00002712)
    __lit__00000000                          0x002001d8   Data           4  entry2.o(.ARM.Collect$$$$00002712)
    .text                                    0x002001dc   Section       36  startup_stm32f746xx.o(.text)
    $v0                                      0x002001dc   Number         0  startup_stm32f746xx.o(.text)
    .text                                    0x00200200   Section        0  uldiv.o(.text)
    .text                                    0x00200262   Section        0  llshl.o(.text)
    .text                                    0x00200280   Section        0  llushr.o(.text)
    .text                                    0x002002a0   Section       36  init.o(.text)
    i.BusFault_Handler                       0x002002c4   Section        0  stm32f7xx_it.o(i.BusFault_Handler)
    i.CPU_CACHE_Enable                       0x002002c8   Section        0  main.o(i.CPU_CACHE_Enable)
    CPU_CACHE_Enable                         0x002002c9   Thumb Code   128  main.o(i.CPU_CACHE_Enable)
    i.DebugMon_Handler                       0x00200350   Section        0  stm32f7xx_it.o(i.DebugMon_Handler)
    i.HAL_Delay                              0x00200354   Section        0  stm32f7xx_hal.o(i.HAL_Delay)
    i.HAL_GetTick                            0x00200378   Section        0  stm32f7xx_hal.o(i.HAL_GetTick)
    i.HAL_IncTick                            0x00200384   Section        0  stm32f7xx_hal.o(i.HAL_IncTick)
    i.HAL_Init                               0x00200394   Section        0  stm32f7xx_hal.o(i.HAL_Init)
    i.HAL_InitTick                           0x002003b8   Section        0  stm32f7xx_hal.o(i.HAL_InitTick)
    i.HAL_MspInit                            0x002003f8   Section        0  stm32f7xx_hal_msp.o(i.HAL_MspInit)
    i.HAL_NVIC_SetPriority                   0x002003fc   Section        0  stm32f7xx_hal_cortex.o(i.HAL_NVIC_SetPriority)
    i.HAL_NVIC_SetPriorityGrouping           0x0020043c   Section        0  stm32f7xx_hal_cortex.o(i.HAL_NVIC_SetPriorityGrouping)
    i.HAL_PWREx_EnableOverDrive              0x00200460   Section        0  stm32f7xx_hal_pwr_ex.o(i.HAL_PWREx_EnableOverDrive)
    i.HAL_RCC_ClockConfig                    0x002004cc   Section        0  stm32f7xx_hal_rcc.o(i.HAL_RCC_ClockConfig)
    i.HAL_RCC_GetSysClockFreq                0x002005f8   Section        0  stm32f7xx_hal_rcc.o(i.HAL_RCC_GetSysClockFreq)
    i.HAL_RCC_OscConfig                      0x0020065c   Section        0  stm32f7xx_hal_rcc.o(i.HAL_RCC_OscConfig)
    i.HAL_SYSTICK_Config                     0x00200994   Section        0  stm32f7xx_hal_cortex.o(i.HAL_SYSTICK_Config)
    i.HardFault_Handler                      0x002009ba   Section        0  stm32f7xx_it.o(i.HardFault_Handler)
    i.MemManage_Handler                      0x002009bc   Section        0  stm32f7xx_it.o(i.MemManage_Handler)
    i.NMI_Handler                            0x002009be   Section        0  stm32f7xx_it.o(i.NMI_Handler)
    i.PendSV_Handler                         0x002009c0   Section        0  stm32f7xx_it.o(i.PendSV_Handler)
    i.SVC_Handler                            0x002009c2   Section        0  stm32f7xx_it.o(i.SVC_Handler)
    i.SysTick_Handler                        0x002009c4   Section        0  stm32f7xx_it.o(i.SysTick_Handler)
    i.SystemInit                             0x002009c8   Section        0  system_stm32f7xx.o(i.SystemInit)
    i.UsageFault_Handler                     0x00200a1c   Section        0  stm32f7xx_it.o(i.UsageFault_Handler)
    i.__NVIC_SetPriority                     0x00200a1e   Section        0  stm32f7xx_hal_cortex.o(i.__NVIC_SetPriority)
    __NVIC_SetPriority                       0x00200a1f   Thumb Code    34  stm32f7xx_hal_cortex.o(i.__NVIC_SetPriority)
    i.__scatterload_copy                     0x00200a40   Section       14  handlers.o(i.__scatterload_copy)
    i.__scatterload_null                     0x00200a4e   Section        2  handlers.o(i.__scatterload_null)
    i.__scatterload_zeroinit                 0x00200a50   Section       14  handlers.o(i.__scatterload_zeroinit)
    i.main                                   0x00200a60   Section        0  main.o(i.main)
    .constdata                               0x00200ad8   Section       16  system_stm32f7xx.o(.constdata)
    .data                                    0x20000000   Section       12  stm32f7xx_hal.o(.data)
    .data                                    0x2000000c   Section        4  main.o(.data)
    .data                                    0x20000010   Section        4  system_stm32f7xx.o(.data)
    STACK                                    0x20000018   Section     1024  startup_stm32f746xx.o(STACK)

    Global Symbols

    Symbol Name                              Value     Ov Type        Size  Object(Section)

    BuildAttributes$$THM_ISAv4$E$P$D$K$B$S$7EM$VFPi5$EXTD16$VFPS$VFMA$PE$PLD8$A:L22UL41UL21$X:L11$S22US41US21$IEEE1$IW$USESV6$~STKCKD$USESV7$~SHL$OSPACE$EBA8$MICROLIB$REQ8$PRES8$EABIv2 0x00000000   Number         0  anon$$obj.o ABSOLUTE
    __ARM_use_no_argv                        0x00000000   Number         0  main.o ABSOLUTE
    __cpp_initialize__aeabi_                  - Undefined Weak Reference
    __cxa_finalize                            - Undefined Weak Reference
    __decompress                              - Undefined Weak Reference
    _clock_init                               - Undefined Weak Reference
    _microlib_exit                            - Undefined Weak Reference
    __Vectors_Size                           0x000001c8   Number         0  startup_stm32f746xx.o ABSOLUTE
    __Vectors                                0x00200000   Data           4  startup_stm32f746xx.o(RESET)
    __Vectors_End                            0x002001c8   Data           0  startup_stm32f746xx.o(RESET)
    __main                                   0x002001c9   Thumb Code     0  entry.o(.ARM.Collect$$$$00000000)
    _main_stk                                0x002001c9   Thumb Code     0  entry2.o(.ARM.Collect$$$$00000001)
    _main_scatterload                        0x002001cd   Thumb Code     0  entry5.o(.ARM.Collect$$$$00000004)
    __main_after_scatterload                 0x002001d1   Thumb Code     0  entry5.o(.ARM.Collect$$$$00000004)
    _main_clock                              0x002001d1   Thumb Code     0  entry7b.o(.ARM.Collect$$$$00000008)
    _main_cpp_init                           0x002001d1   Thumb Code     0  entry8b.o(.ARM.Collect$$$$0000000A)
    _main_init                               0x002001d1   Thumb Code     0  entry9a.o(.ARM.Collect$$$$0000000B)
    __rt_final_cpp                           0x002001d9   Thumb Code     0  entry10a.o(.ARM.Collect$$$$0000000D)
    __rt_final_exit                          0x002001d9   Thumb Code     0  entry11a.o(.ARM.Collect$$$$0000000F)
    Reset_Handler                            0x002001dd   Thumb Code     8  startup_stm32f746xx.o(.text)
    ADC_IRQHandler                           0x002001f7   Thumb Code     0  startup_stm32f746xx.o(.text)
    CAN1_RX0_IRQHandler                      0x002001f7   Thumb Code     0  startup_stm32f746xx.o(.text)
    CAN1_RX1_IRQHandler                      0x002001f7   Thumb Code     0  startup_stm32f746xx.o(.text)
    CAN1_SCE_IRQHandler                      0x002001f7   Thumb Code     0  startup_stm32f746xx.o(.text)
    CAN1_TX_IRQHandler                       0x002001f7   Thumb Code     0  startup_stm32f746xx.o(.text)
    CAN2_RX0_IRQHandler                      0x002001f7   Thumb Code     0  startup_stm32f746xx.o(.text)
    CAN2_RX1_IRQHandler                      0x002001f7   Thumb Code     0  startup_stm32f746xx.o(.text)
    CAN2_SCE_IRQHandler                      0x002001f7   Thumb Code     0  startup_stm32f746xx.o(.text)
    CAN2_TX_IRQHandler                       0x002001f7   Thumb Code     0  startup_stm32f746xx.o(.text)
    CEC_IRQHandler                           0x002001f7   Thumb Code     0  startup_stm32f746xx.o(.text)
    DCMI_IRQHandler                          0x002001f7   Thumb Code     0  startup_stm32f746xx.o(.text)
    DMA1_Stream0_IRQHandler                  0x002001f7   Thumb Code     0  startup_stm32f746xx.o(.text)
    DMA1_Stream1_IRQHandler                  0x002001f7   Thumb Code     0  startup_stm32f746xx.o(.text)
    DMA1_Stream2_IRQHandler                  0x002001f7   Thumb Code     0  startup_stm32f746xx.o(.text)
    DMA1_Stream3_IRQHandler                  0x002001f7   Thumb Code     0  startup_stm32f746xx.o(.text)
    DMA1_Stream4_IRQHandler                  0x002001f7   Thumb Code     0  startup_stm32f746xx.o(.text)
    DMA1_Stream5_IRQHandler                  0x002001f7   Thumb Code     0  startup_stm32f746xx.o(.text)
    DMA1_Stream6_IRQHandler                  0x002001f7   Thumb Code     0  startup_stm32f746xx.o(.text)
    DMA1_Stream7_IRQHandler                  0x002001f7   Thumb Code     0  startup_stm32f746xx.o(.text)
    DMA2D_IRQHandler                         0x002001f7   Thumb Code     0  startup_stm32f746xx.o(.text)
    DMA2_Stream0_IRQHandler                  0x002001f7   Thumb Code     0  startup_stm32f746xx.o(.text)
    DMA2_Stream1_IRQHandler                  0x002001f7   Thumb Code     0  startup_stm32f746xx.o(.text)
    DMA2_Stream2_IRQHandler                  0x002001f7   Thumb Code     0  startup_stm32f746xx.o(.text)
    DMA2_Stream3_IRQHandler                  0x002001f7   Thumb Code     0  startup_stm32f746xx.o(.text)
    DMA2_Stream4_IRQHandler                  0x002001f7   Thumb Code     0  startup_stm32f746xx.o(.text)
    DMA2_Stream5_IRQHandler                  0x002001f7   Thumb Code     0  startup_stm32f746xx.o(.text)
    DMA2_Stream6_IRQHandler                  0x002001f7   Thumb Code     0  startup_stm32f746xx.o(.text)
    DMA2_Stream7_IRQHandler                  0x002001f7   Thumb Code     0  startup_stm32f746xx.o(.text)
    ETH_IRQHandler                           0x002001f7   Thumb Code     0  startup_stm32f746xx.o(.text)
    ETH_WKUP_IRQHandler                      0x002001f7   Thumb Code     0  startup_stm32f746xx.o(.text)
    EXTI0_IRQHandler                         0x002001f7   Thumb Code     0  startup_stm32f746xx.o(.text)
    EXTI15_10_IRQHandler                     0x002001f7   Thumb Code     0  startup_stm32f746xx.o(.text)
    EXTI1_IRQHandler                         0x002001f7   Thumb Code     0  startup_stm32f746xx.o(.text)
    EXTI2_IRQHandler                         0x002001f7   Thumb Code     0  startup_stm32f746xx.o(.text)
    EXTI3_IRQHandler                         0x002001f7   Thumb Code     0  startup_stm32f746xx.o(.text)
    EXTI4_IRQHandler                         0x002001f7   Thumb Code     0  startup_stm32f746xx.o(.text)
    EXTI9_5_IRQHandler                       0x002001f7   Thumb Code     0  startup_stm32f746xx.o(.text)
    FLASH_IRQHandler                         0x002001f7   Thumb Code     0  startup_stm32f746xx.o(.text)
    FMC_IRQHandler                           0x002001f7   Thumb Code     0  startup_stm32f746xx.o(.text)
    FPU_IRQHandler                           0x002001f7   Thumb Code     0  startup_stm32f746xx.o(.text)
    I2C1_ER_IRQHandler                       0x002001f7   Thumb Code     0  startup_stm32f746xx.o(.text)
    I2C1_EV_IRQHandler                       0x002001f7   Thumb Code     0  startup_stm32f746xx.o(.text)
    I2C2_ER_IRQHandler                       0x002001f7   Thumb Code     0  startup_stm32f746xx.o(.text)
    I2C2_EV_IRQHandler                       0x002001f7   Thumb Code     0  startup_stm32f746xx.o(.text)
    I2C3_ER_IRQHandler                       0x002001f7   Thumb Code     0  startup_stm32f746xx.o(.text)
    I2C3_EV_IRQHandler                       0x002001f7   Thumb Code     0  startup_stm32f746xx.o(.text)
    I2C4_ER_IRQHandler                       0x002001f7   Thumb Code     0  startup_stm32f746xx.o(.text)
    I2C4_EV_IRQHandler                       0x002001f7   Thumb Code     0  startup_stm32f746xx.o(.text)
    LPTIM1_IRQHandler                        0x002001f7   Thumb Code     0  startup_stm32f746xx.o(.text)
    LTDC_ER_IRQHandler                       0x002001f7   Thumb Code     0  startup_stm32f746xx.o(.text)
    LTDC_IRQHandler                          0x002001f7   Thumb Code     0  startup_stm32f746xx.o(.text)
    OTG_FS_IRQHandler                        0x002001f7   Thumb Code     0  startup_stm32f746xx.o(.text)
    OTG_FS_WKUP_IRQHandler                   0x002001f7   Thumb Code     0  startup_stm32f746xx.o(.text)
    OTG_HS_EP1_IN_IRQHandler                 0x002001f7   Thumb Code     0  startup_stm32f746xx.o(.text)
    OTG_HS_EP1_OUT_IRQHandler                0x002001f7   Thumb Code     0  startup_stm32f746xx.o(.text)
    OTG_HS_IRQHandler                        0x002001f7   Thumb Code     0  startup_stm32f746xx.o(.text)
    OTG_HS_WKUP_IRQHandler                   0x002001f7   Thumb Code     0  startup_stm32f746xx.o(.text)
    PVD_IRQHandler                           0x002001f7   Thumb Code     0  startup_stm32f746xx.o(.text)
    QUADSPI_IRQHandler                       0x002001f7   Thumb Code     0  startup_stm32f746xx.o(.text)
    RCC_IRQHandler                           0x002001f7   Thumb Code     0  startup_stm32f746xx.o(.text)
    RNG_IRQHandler                           0x002001f7   Thumb Code     0  startup_stm32f746xx.o(.text)
    RTC_Alarm_IRQHandler                     0x002001f7   Thumb Code     0  startup_stm32f746xx.o(.text)
    RTC_WKUP_IRQHandler                      0x002001f7   Thumb Code     0  startup_stm32f746xx.o(.text)
    SAI1_IRQHandler                          0x002001f7   Thumb Code     0  startup_stm32f746xx.o(.text)
    SAI2_IRQHandler                          0x002001f7   Thumb Code     0  startup_stm32f746xx.o(.text)
    SDMMC1_IRQHandler                        0x002001f7   Thumb Code     0  startup_stm32f746xx.o(.text)
    SPDIF_RX_IRQHandler                      0x002001f7   Thumb Code     0  startup_stm32f746xx.o(.text)
    SPI1_IRQHandler                          0x002001f7   Thumb Code     0  startup_stm32f746xx.o(.text)
    SPI2_IRQHandler                          0x002001f7   Thumb Code     0  startup_stm32f746xx.o(.text)
    SPI3_IRQHandler                          0x002001f7   Thumb Code     0  startup_stm32f746xx.o(.text)
    SPI4_IRQHandler                          0x002001f7   Thumb Code     0  startup_stm32f746xx.o(.text)
    SPI5_IRQHandler                          0x002001f7   Thumb Code     0  startup_stm32f746xx.o(.text)
    SPI6_IRQHandler                          0x002001f7   Thumb Code     0  startup_stm32f746xx.o(.text)
    TAMP_STAMP_IRQHandler                    0x002001f7   Thumb Code     0  startup_stm32f746xx.o(.text)
    TIM1_BRK_TIM9_IRQHandler                 0x002001f7   Thumb Code     0  startup_stm32f746xx.o(.text)
    TIM1_CC_IRQHandler                       0x002001f7   Thumb Code     0  startup_stm32f746xx.o(.text)
    TIM1_TRG_COM_TIM11_IRQHandler            0x002001f7   Thumb Code     0  startup_stm32f746xx.o(.text)
    TIM1_UP_TIM10_IRQHandler                 0x002001f7   Thumb Code     0  startup_stm32f746xx.o(.text)
    TIM2_IRQHandler                          0x002001f7   Thumb Code     0  startup_stm32f746xx.o(.text)
    TIM3_IRQHandler                          0x002001f7   Thumb Code     0  startup_stm32f746xx.o(.text)
    TIM4_IRQHandler                          0x002001f7   Thumb Code     0  startup_stm32f746xx.o(.text)
    TIM5_IRQHandler                          0x002001f7   Thumb Code     0  startup_stm32f746xx.o(.text)
    TIM6_DAC_IRQHandler                      0x002001f7   Thumb Code     0  startup_stm32f746xx.o(.text)
    TIM7_IRQHandler                          0x002001f7   Thumb Code     0  startup_stm32f746xx.o(.text)
    TIM8_BRK_TIM12_IRQHandler                0x002001f7   Thumb Code     0  startup_stm32f746xx.o(.text)
    TIM8_CC_IRQHandler                       0x002001f7   Thumb Code     0  startup_stm32f746xx.o(.text)
    TIM8_TRG_COM_TIM14_IRQHandler            0x002001f7   Thumb Code     0  startup_stm32f746xx.o(.text)
    TIM8_UP_TIM13_IRQHandler                 0x002001f7   Thumb Code     0  startup_stm32f746xx.o(.text)
    UART4_IRQHandler                         0x002001f7   Thumb Code     0  startup_stm32f746xx.o(.text)
    UART5_IRQHandler                         0x002001f7   Thumb Code     0  startup_stm32f746xx.o(.text)
    UART7_IRQHandler                         0x002001f7   Thumb Code     0  startup_stm32f746xx.o(.text)
    UART8_IRQHandler                         0x002001f7   Thumb Code     0  startup_stm32f746xx.o(.text)
    USART1_IRQHandler                        0x002001f7   Thumb Code     0  startup_stm32f746xx.o(.text)
    USART2_IRQHandler                        0x002001f7   Thumb Code     0  startup_stm32f746xx.o(.text)
    USART3_IRQHandler                        0x002001f7   Thumb Code     0  startup_stm32f746xx.o(.text)
    USART6_IRQHandler                        0x002001f7   Thumb Code     0  startup_stm32f746xx.o(.text)
    WWDG_IRQHandler                          0x002001f7   Thumb Code     0  startup_stm32f746xx.o(.text)
    __aeabi_uldivmod                         0x00200201   Thumb Code    98  uldiv.o(.text)
    __aeabi_llsl                             0x00200263   Thumb Code    30  llshl.o(.text)
    _ll_shift_l                              0x00200263   Thumb Code     0  llshl.o(.text)
    __aeabi_llsr                             0x00200281   Thumb Code    32  llushr.o(.text)
    _ll_ushift_r                             0x00200281   Thumb Code     0  llushr.o(.text)
    __scatterload                            0x002002a1   Thumb Code    28  init.o(.text)
    __scatterload_rt2                        0x002002a1   Thumb Code     0  init.o(.text)
    BusFault_Handler                         0x002002c5   Thumb Code     2  stm32f7xx_it.o(i.BusFault_Handler)
    DebugMon_Handler                         0x00200351   Thumb Code     2  stm32f7xx_it.o(i.DebugMon_Handler)
    HAL_Delay                                0x00200355   Thumb Code    32  stm32f7xx_hal.o(i.HAL_Delay)
    HAL_GetTick                              0x00200379   Thumb Code     6  stm32f7xx_hal.o(i.HAL_GetTick)
    HAL_IncTick                              0x00200385   Thumb Code    12  stm32f7xx_hal.o(i.HAL_IncTick)
    HAL_Init                                 0x00200395   Thumb Code    32  stm32f7xx_hal.o(i.HAL_Init)
    HAL_InitTick                             0x002003b9   Thumb Code    54  stm32f7xx_hal.o(i.HAL_InitTick)
    HAL_MspInit                              0x002003f9   Thumb Code     2  stm32f7xx_hal_msp.o(i.HAL_MspInit)
    HAL_NVIC_SetPriority                     0x002003fd   Thumb Code    60  stm32f7xx_hal_cortex.o(i.HAL_NVIC_SetPriority)
    HAL_NVIC_SetPriorityGrouping             0x0020043d   Thumb Code    28  stm32f7xx_hal_cortex.o(i.HAL_NVIC_SetPriorityGrouping)
    HAL_PWREx_EnableOverDrive                0x00200461   Thumb Code   100  stm32f7xx_hal_pwr_ex.o(i.HAL_PWREx_EnableOverDrive)
    HAL_RCC_ClockConfig                      0x002004cd   Thumb Code   282  stm32f7xx_hal_rcc.o(i.HAL_RCC_ClockConfig)
    HAL_RCC_GetSysClockFreq                  0x002005f9   Thumb Code    88  stm32f7xx_hal_rcc.o(i.HAL_RCC_GetSysClockFreq)
    HAL_RCC_OscConfig                        0x0020065d   Thumb Code   810  stm32f7xx_hal_rcc.o(i.HAL_RCC_OscConfig)
    HAL_SYSTICK_Config                       0x00200995   Thumb Code    38  stm32f7xx_hal_cortex.o(i.HAL_SYSTICK_Config)
    HardFault_Handler                        0x002009bb   Thumb Code     2  stm32f7xx_it.o(i.HardFault_Handler)
    MemManage_Handler                        0x002009bd   Thumb Code     2  stm32f7xx_it.o(i.MemManage_Handler)
    NMI_Handler                              0x002009bf   Thumb Code     2  stm32f7xx_it.o(i.NMI_Handler)
    PendSV_Handler                           0x002009c1   Thumb Code     2  stm32f7xx_it.o(i.PendSV_Handler)
    SVC_Handler                              0x002009c3   Thumb Code     2  stm32f7xx_it.o(i.SVC_Handler)
    SysTick_Handler                          0x002009c5   Thumb Code     4  stm32f7xx_it.o(i.SysTick_Handler)
    SystemInit                               0x002009c9   Thumb Code    68  system_stm32f7xx.o(i.SystemInit)
    UsageFault_Handler                       0x00200a1d   Thumb Code     2  stm32f7xx_it.o(i.UsageFault_Handler)
    __scatterload_copy                       0x00200a41   Thumb Code    14  handlers.o(i.__scatterload_copy)
    __scatterload_null                       0x00200a4f   Thumb Code     2  handlers.o(i.__scatterload_null)
    __scatterload_zeroinit                   0x00200a51   Thumb Code    14  handlers.o(i.__scatterload_zeroinit)
    main                                     0x00200a61   Thumb Code   116  main.o(i.main)
    AHBPrescTable                            0x00200ad8   Data          16  system_stm32f7xx.o(.constdata)
    Region$$Table$$Base                      0x00200ae8   Number         0  anon$$obj.o(Region$$Table)
    Region$$Table$$Limit                     0x00200b08   Number         0  anon$$obj.o(Region$$Table)
    uwTickFreq                               0x20000000   Data           1  stm32f7xx_hal.o(.data)
    uwTickPrio                               0x20000004   Data           4  stm32f7xx_hal.o(.data)
    uwTick                                   0x20000008   Data           4  stm32f7xx_hal.o(.data)
    main_run_count                           0x2000000c   Data           4  main.o(.data)
    SystemCoreClock                          0x20000010   Data           4  system_stm32f7xx.o(.data)
    __initial_sp                             0x20000418   Data           0  startup_stm32f746xx.o(STACK)



==============================================================================

Memory Map of the image

  Image Entry point : 0x002001c9

  Load Region LR_IROM1 (Base: 0x00200000, Size: 0x00000b1c, Max: 0x00100000, ABSOLUTE)

    Execution Region ER_IROM1 (Exec base: 0x00200000, Load base: 0x00200000, Size: 0x00000b08, Max: 0x00100000, ABSOLUTE)

    Exec Addr    Load Addr    Size         Type   Attr      Idx    E Section Name        Object

    0x00200000   0x00200000   0x000001c8   Data   RO          233    RESET               startup_stm32f746xx.o
    0x002001c8   0x002001c8   0x00000000   Code   RO        11594  * .ARM.Collect$$$$00000000  mc_w.l(entry.o)
    0x002001c8   0x002001c8   0x00000004   Code   RO        11603    .ARM.Collect$$$$00000001  mc_w.l(entry2.o)
    0x002001cc   0x002001cc   0x00000004   Code   RO        11606    .ARM.Collect$$$$00000004  mc_w.l(entry5.o)
    0x002001d0   0x002001d0   0x00000000   Code   RO        11608    .ARM.Collect$$$$00000008  mc_w.l(entry7b.o)
    0x002001d0   0x002001d0   0x00000000   Code   RO        11610    .ARM.Collect$$$$0000000A  mc_w.l(entry8b.o)
    0x002001d0   0x002001d0   0x00000008   Code   RO        11611    .ARM.Collect$$$$0000000B  mc_w.l(entry9a.o)
    0x002001d8   0x002001d8   0x00000000   Code   RO        11613    .ARM.Collect$$$$0000000D  mc_w.l(entry10a.o)
    0x002001d8   0x002001d8   0x00000000   Code   RO        11615    .ARM.Collect$$$$0000000F  mc_w.l(entry11a.o)
    0x002001d8   0x002001d8   0x00000004   Code   RO        11604    .ARM.Collect$$$$00002712  mc_w.l(entry2.o)
    0x002001dc   0x002001dc   0x00000024   Code   RO          234    .text               startup_stm32f746xx.o
    0x00200200   0x00200200   0x00000062   Code   RO        11597    .text               mc_w.l(uldiv.o)
    0x00200262   0x00200262   0x0000001e   Code   RO        11617    .text               mc_w.l(llshl.o)
    0x00200280   0x00200280   0x00000020   Code   RO        11619    .text               mc_w.l(llushr.o)
    0x002002a0   0x002002a0   0x00000024   Code   RO        11621    .text               mc_w.l(init.o)
    0x002002c4   0x002002c4   0x00000002   Code   RO        10025    i.BusFault_Handler  stm32f7xx_it.o
    0x002002c6   0x002002c6   0x00000002   PAD
    0x002002c8   0x002002c8   0x00000088   Code   RO        10133    i.CPU_CACHE_Enable  main.o
    0x00200350   0x00200350   0x00000002   Code   RO        10026    i.DebugMon_Handler  stm32f7xx_it.o
    0x00200352   0x00200352   0x00000002   PAD
    0x00200354   0x00200354   0x00000024   Code   RO         6359    i.HAL_Delay         stm32f7xx_hal.o
    0x00200378   0x00200378   0x0000000c   Code   RO         6367    i.HAL_GetTick       stm32f7xx_hal.o
    0x00200384   0x00200384   0x00000010   Code   RO         6373    i.HAL_IncTick       stm32f7xx_hal.o
    0x00200394   0x00200394   0x00000024   Code   RO         6374    i.HAL_Init          stm32f7xx_hal.o
    0x002003b8   0x002003b8   0x00000040   Code   RO         6375    i.HAL_InitTick      stm32f7xx_hal.o
    0x002003f8   0x002003f8   0x00000002   Code   RO        10104    i.HAL_MspInit       stm32f7xx_hal_msp.o
    0x002003fa   0x002003fa   0x00000002   PAD
    0x002003fc   0x002003fc   0x00000040   Code   RO         7703    i.HAL_NVIC_SetPriority  stm32f7xx_hal_cortex.o
    0x0020043c   0x0020043c   0x00000024   Code   RO         7704    i.HAL_NVIC_SetPriorityGrouping  stm32f7xx_hal_cortex.o
    0x00200460   0x00200460   0x0000006c   Code   RO         6248    i.HAL_PWREx_EnableOverDrive  stm32f7xx_hal_pwr_ex.o
    0x002004cc   0x002004cc   0x0000012c   Code   RO         9570    i.HAL_RCC_ClockConfig  stm32f7xx_hal_rcc.o
    0x002005f8   0x002005f8   0x00000064   Code   RO         9579    i.HAL_RCC_GetSysClockFreq  stm32f7xx_hal_rcc.o
    0x0020065c   0x0020065c   0x00000338   Code   RO         9582    i.HAL_RCC_OscConfig  stm32f7xx_hal_rcc.o
    0x00200994   0x00200994   0x00000026   Code   RO         7708    i.HAL_SYSTICK_Config  stm32f7xx_hal_cortex.o
    0x002009ba   0x002009ba   0x00000002   Code   RO        10027    i.HardFault_Handler  stm32f7xx_it.o
    0x002009bc   0x002009bc   0x00000002   Code   RO        10028    i.MemManage_Handler  stm32f7xx_it.o
    0x002009be   0x002009be   0x00000002   Code   RO        10029    i.NMI_Handler       stm32f7xx_it.o
    0x002009c0   0x002009c0   0x00000002   Code   RO        10030    i.PendSV_Handler    stm32f7xx_it.o
    0x002009c2   0x002009c2   0x00000002   Code   RO        10031    i.SVC_Handler       stm32f7xx_it.o
    0x002009c4   0x002009c4   0x00000004   Code   RO        10032    i.SysTick_Handler   stm32f7xx_it.o
    0x002009c8   0x002009c8   0x00000054   Code   RO        10170    i.SystemInit        system_stm32f7xx.o
    0x00200a1c   0x00200a1c   0x00000002   Code   RO        10033    i.UsageFault_Handler  stm32f7xx_it.o
    0x00200a1e   0x00200a1e   0x00000022   Code   RO         7710    i.__NVIC_SetPriority  stm32f7xx_hal_cortex.o
    0x00200a40   0x00200a40   0x0000000e   Code   RO        11625    i.__scatterload_copy  mc_w.l(handlers.o)
    0x00200a4e   0x00200a4e   0x00000002   Code   RO        11626    i.__scatterload_null  mc_w.l(handlers.o)
    0x00200a50   0x00200a50   0x0000000e   Code   RO        11627    i.__scatterload_zeroinit  mc_w.l(handlers.o)
    0x00200a5e   0x00200a5e   0x00000002   PAD
    0x00200a60   0x00200a60   0x00000078   Code   RO        10134    i.main              main.o
    0x00200ad8   0x00200ad8   0x00000010   Data   RO        10171    .constdata          system_stm32f7xx.o
    0x00200ae8   0x00200ae8   0x00000020   Data   RO        11623    Region$$Table       anon$$obj.o


    Execution Region RW_IRAM1 (Exec base: 0x20000000, Load base: 0x00200b08, Size: 0x00000418, Max: 0x00050000, ABSOLUTE)

    Exec Addr    Load Addr    Size         Type   Attr      Idx    E Section Name        Object

    0x20000000   0x00200b08   0x0000000c   Data   RW         6381    .data               stm32f7xx_hal.o
    0x2000000c   0x00200b14   0x00000004   Data   RW        10135    .data               main.o
    0x20000010   0x00200b18   0x00000004   Data   RW        10173    .data               system_stm32f7xx.o
    0x20000014   0x00200b1c   0x00000004   PAD
    0x20000018        -       0x00000400   Zero   RW          231    STACK               startup_stm32f746xx.o


==============================================================================

Image component sizes


      Code (inc. data)   RO Data    RW Data    ZI Data      Debug   Object Name

         0          0          0          0          0       4508   ft5336.o
       256         12          0          4          0      37667   main.o
        36          8        456          0       1024        860   startup_stm32f746xx.o
       164         28          0         12          0       9297   stm32f7xx_hal.o
       172         12          0          0          0      39058   stm32f7xx_hal_cortex.o
         0          0          0          0          0     737608   stm32f7xx_hal_crc.o
         2          0          0          0          0        482   stm32f7xx_hal_msp.o
       108          8          0          0          0       1332   stm32f7xx_hal_pwr_ex.o
      1224         44          0          0          0       4050   stm32f7xx_hal_rcc.o
        20          0          0          0          0       4310   stm32f7xx_it.o
        84         16         16          4          0       1303   system_stm32f7xx.o

    ----------------------------------------------------------------------
      2072        128        504         20       1028     840475   Object Totals
         0          0         32          0          0          0   (incl. Generated)
         6          0          0          0          4          0   (incl. Padding)

    ----------------------------------------------------------------------

      Code (inc. data)   RO Data    RW Data    ZI Data      Debug   Library Member Name

         0          0          0          0          0          0   entry.o
         0          0          0          0          0          0   entry10a.o
         0          0          0          0          0          0   entry11a.o
         8          4          0          0          0          0   entry2.o
         4          0          0          0          0          0   entry5.o
         0          0          0          0          0          0   entry7b.o
         0          0          0          0          0          0   entry8b.o
         8          4          0          0          0          0   entry9a.o
        30          0          0          0          0          0   handlers.o
        36          8          0          0          0         68   init.o
        30          0          0          0          0         68   llshl.o
        32          0          0          0          0         68   llushr.o
        98          0          0          0          0         92   uldiv.o

    ----------------------------------------------------------------------
       248         16          0          0          0        296   Library Totals
         2          0          0          0          0          0   (incl. Padding)

    ----------------------------------------------------------------------

      Code (inc. data)   RO Data    RW Data    ZI Data      Debug   Library Name

       246         16          0          0          0        296   mc_w.l

    ----------------------------------------------------------------------
       248         16          0          0          0        296   Library Totals

    ----------------------------------------------------------------------

==============================================================================


      Code (inc. data)   RO Data    RW Data    ZI Data      Debug   

      2320        144        504         20       1028     838623   Grand Totals
      2320        144        504         20       1028     838623   ELF Image Totals
      2320        144        504         20          0          0   ROM Totals

==============================================================================

    Total RO  Size (Code + RO Data)                 2824 (   2.76kB)
    Total RW  Size (RW Data + ZI Data)              1048 (   1.02kB)
    Total ROM Size (Code + RO Data + RW Data)       2844 (   2.78kB)

==============================================================================

